Archive member included to satisfy reference by file (symbol)

C:/ST/STM32CubeIDE_1.9.0/STM32CubeIDE/plugins/com.st.stm32cube.ide.mcu.externaltools.gnu-tools-for-stm32.12.3.rel1.win32_1.1.0.202410251130/tools/bin/../lib/gcc/arm-none-eabi/12.3.1/../../../../arm-none-eabi/lib/thumb/v7e-m+dp/hard\libc_nano.a(libc_a-exit.o)
                              C:/ST/STM32CubeIDE_1.9.0/STM32CubeIDE/plugins/com.st.stm32cube.ide.mcu.externaltools.gnu-tools-for-stm32.12.3.rel1.win32_1.1.0.202410251130/tools/bin/../lib/gcc/arm-none-eabi/12.3.1/../../../../arm-none-eabi/lib/thumb/v7e-m+dp/hard/crt0.o (exit)
C:/ST/STM32CubeIDE_1.9.0/STM32CubeIDE/plugins/com.st.stm32cube.ide.mcu.externaltools.gnu-tools-for-stm32.12.3.rel1.win32_1.1.0.202410251130/tools/bin/../lib/gcc/arm-none-eabi/12.3.1/../../../../arm-none-eabi/lib/thumb/v7e-m+dp/hard\libc_nano.a(libc_a-findfp.o)
                              C:/ST/STM32CubeIDE_1.9.0/STM32CubeIDE/plugins/com.st.stm32cube.ide.mcu.externaltools.gnu-tools-for-stm32.12.3.rel1.win32_1.1.0.202410251130/tools/bin/../lib/gcc/arm-none-eabi/12.3.1/../../../../arm-none-eabi/lib/thumb/v7e-m+dp/hard\libc_nano.a(libc_a-exit.o) (__stdio_exit_handler)
C:/ST/STM32CubeIDE_1.9.0/STM32CubeIDE/plugins/com.st.stm32cube.ide.mcu.externaltools.gnu-tools-for-stm32.12.3.rel1.win32_1.1.0.202410251130/tools/bin/../lib/gcc/arm-none-eabi/12.3.1/../../../../arm-none-eabi/lib/thumb/v7e-m+dp/hard\libc_nano.a(libc_a-fwalk.o)
                              C:/ST/STM32CubeIDE_1.9.0/STM32CubeIDE/plugins/com.st.stm32cube.ide.mcu.externaltools.gnu-tools-for-stm32.12.3.rel1.win32_1.1.0.202410251130/tools/bin/../lib/gcc/arm-none-eabi/12.3.1/../../../../arm-none-eabi/lib/thumb/v7e-m+dp/hard\libc_nano.a(libc_a-findfp.o) (_fwalk_sglue)
C:/ST/STM32CubeIDE_1.9.0/STM32CubeIDE/plugins/com.st.stm32cube.ide.mcu.externaltools.gnu-tools-for-stm32.12.3.rel1.win32_1.1.0.202410251130/tools/bin/../lib/gcc/arm-none-eabi/12.3.1/../../../../arm-none-eabi/lib/thumb/v7e-m+dp/hard\libc_nano.a(libc_a-stdio.o)
                              C:/ST/STM32CubeIDE_1.9.0/STM32CubeIDE/plugins/com.st.stm32cube.ide.mcu.externaltools.gnu-tools-for-stm32.12.3.rel1.win32_1.1.0.202410251130/tools/bin/../lib/gcc/arm-none-eabi/12.3.1/../../../../arm-none-eabi/lib/thumb/v7e-m+dp/hard\libc_nano.a(libc_a-findfp.o) (__sread)
C:/ST/STM32CubeIDE_1.9.0/STM32CubeIDE/plugins/com.st.stm32cube.ide.mcu.externaltools.gnu-tools-for-stm32.12.3.rel1.win32_1.1.0.202410251130/tools/bin/../lib/gcc/arm-none-eabi/12.3.1/../../../../arm-none-eabi/lib/thumb/v7e-m+dp/hard\libc_nano.a(libc_a-memset.o)
                              C:/ST/STM32CubeIDE_1.9.0/STM32CubeIDE/plugins/com.st.stm32cube.ide.mcu.externaltools.gnu-tools-for-stm32.12.3.rel1.win32_1.1.0.202410251130/tools/bin/../lib/gcc/arm-none-eabi/12.3.1/../../../../arm-none-eabi/lib/thumb/v7e-m+dp/hard/crt0.o (memset)
C:/ST/STM32CubeIDE_1.9.0/STM32CubeIDE/plugins/com.st.stm32cube.ide.mcu.externaltools.gnu-tools-for-stm32.12.3.rel1.win32_1.1.0.202410251130/tools/bin/../lib/gcc/arm-none-eabi/12.3.1/../../../../arm-none-eabi/lib/thumb/v7e-m+dp/hard\libc_nano.a(libc_a-closer.o)
                              C:/ST/STM32CubeIDE_1.9.0/STM32CubeIDE/plugins/com.st.stm32cube.ide.mcu.externaltools.gnu-tools-for-stm32.12.3.rel1.win32_1.1.0.202410251130/tools/bin/../lib/gcc/arm-none-eabi/12.3.1/../../../../arm-none-eabi/lib/thumb/v7e-m+dp/hard\libc_nano.a(libc_a-stdio.o) (_close_r)
C:/ST/STM32CubeIDE_1.9.0/STM32CubeIDE/plugins/com.st.stm32cube.ide.mcu.externaltools.gnu-tools-for-stm32.12.3.rel1.win32_1.1.0.202410251130/tools/bin/../lib/gcc/arm-none-eabi/12.3.1/../../../../arm-none-eabi/lib/thumb/v7e-m+dp/hard\libc_nano.a(libc_a-reent.o)
                              C:/ST/STM32CubeIDE_1.9.0/STM32CubeIDE/plugins/com.st.stm32cube.ide.mcu.externaltools.gnu-tools-for-stm32.12.3.rel1.win32_1.1.0.202410251130/tools/bin/../lib/gcc/arm-none-eabi/12.3.1/../../../../arm-none-eabi/lib/thumb/v7e-m+dp/hard\libc_nano.a(libc_a-closer.o) (errno)
C:/ST/STM32CubeIDE_1.9.0/STM32CubeIDE/plugins/com.st.stm32cube.ide.mcu.externaltools.gnu-tools-for-stm32.12.3.rel1.win32_1.1.0.202410251130/tools/bin/../lib/gcc/arm-none-eabi/12.3.1/../../../../arm-none-eabi/lib/thumb/v7e-m+dp/hard\libc_nano.a(libc_a-impure.o)
                              C:/ST/STM32CubeIDE_1.9.0/STM32CubeIDE/plugins/com.st.stm32cube.ide.mcu.externaltools.gnu-tools-for-stm32.12.3.rel1.win32_1.1.0.202410251130/tools/bin/../lib/gcc/arm-none-eabi/12.3.1/../../../../arm-none-eabi/lib/thumb/v7e-m+dp/hard\libc_nano.a(libc_a-reent.o) (_impure_ptr)
C:/ST/STM32CubeIDE_1.9.0/STM32CubeIDE/plugins/com.st.stm32cube.ide.mcu.externaltools.gnu-tools-for-stm32.12.3.rel1.win32_1.1.0.202410251130/tools/bin/../lib/gcc/arm-none-eabi/12.3.1/../../../../arm-none-eabi/lib/thumb/v7e-m+dp/hard\libc_nano.a(libc_a-lseekr.o)
[...]
Memory Configuration

Name             Origin             Length             Attributes
ITCMRAM          0x00000000         0x00010000         xrw
FLASH            0x08000000         0x00020000         xr
DTCMRAM1         0x20000000         0x00010000         xrw
DTCMRAM2         0x20010000         0x00010000         xrw
RAM              0x24000000         0x00100000         xrw
RAM_CD           0x30000000         0x00020000         xrw
RAM_SRD          0x38000000         0x00008000         xrw
*default*        0x00000000         0xffffffff

Linker script and memory map

LOAD C:/ST/STM32CubeIDE_1.9.0/STM32CubeIDE/plugins/com.st.stm32cube.ide.mcu.externaltools.gnu-tools-for-stm32.12.3.rel1.win32_1.1.0.202410251130/tools/bin/../lib/gcc/arm-none-eabi/12.3.1/thumb/v7e-m+dp/hard/crti.o
LOAD C:/ST/STM32CubeIDE_1.9.0/STM32CubeIDE/plugins/com.st.stm32cube.ide.mcu.externaltools.gnu-tools-for-stm32.12.3.rel1.win32_1.1.0.202410251130/tools/bin/../lib/gcc/arm-none-eabi/12.3.1/thumb/v7e-m+dp/hard/crtbegin.o
LOAD C:/ST/STM32CubeIDE_1.9.0/STM32CubeIDE/plugins/com.st.stm32cube.ide.mcu.externaltools.gnu-tools-for-stm32.12.3.rel1.win32_1.1.0.202410251130/tools/bin/../lib/gcc/arm-none-eabi/12.3.1/../../../../arm-none-eabi/lib/thumb/v7e-m+dp/hard/crt0.o
LOAD ./Core/Src/CS4270-Codec.o
LOAD ./Core/Src/IFX_Butterworth3LPF.o
LOAD ./Core/Src/IFX_Chorus.o
LOAD ./Core/Src/IFX_Delay.o
LOAD ./Core/Src/IFX_DelayLine.o
LOAD ./Core/Src/IFX_LogAudioPot.o
LOAD ./Core/Src/IFX_MovingRMS.o
LOAD ./Core/Src/IFX_NoiseGate.o
LOAD ./Core/Src/IFX_Overdrive.o
LOAD ./Core/Src/IFX_PeakingFilter.o
LOAD ./Core/Src/main.o
LOAD ./Core/Src/stm32h7xx_hal_msp.o
LOAD ./Core/Src/stm32h7xx_it.o
LOAD ./Core/Src/syscalls.o
LOAD ./Core/Src/sysmem.o
LOAD ./Core/Src/system_stm32h7xx.o
LOAD ./Core/Startup/startup_stm32h7b0vbtx.o
LOAD ./Drivers/STM32H7xx_HAL_Driver/Src/stm32h7xx_hal.o
LOAD ./Drivers/STM32H7xx_HAL_Driver/Src/stm32h7xx_hal_adc.o
LOAD ./Drivers/STM32H7xx_HAL_Driver/Src/stm32h7xx_hal_adc_ex.o
LOAD ./Drivers/STM32H7xx_HAL_Driver/Src/stm32h7xx_hal_cortex.o
LOAD ./Drivers/STM32H7xx_HAL_Driver/Src/stm32h7xx_hal_dma.o
LOAD ./Drivers/STM32H7xx_HAL_Driver/Src/stm32h7xx_hal_dma_ex.o
LOAD ./Drivers/STM32H7xx_HAL_Driver/Src/stm32h7xx_hal_exti.o
LOAD ./Drivers/STM32H7xx_HAL_Driver/Src/stm32h7xx_hal_flash.o
LOAD ./Drivers/STM32H7xx_HAL_Driver/Src/stm32h7xx_hal_flash_ex.o
LOAD ./Drivers/STM32H7xx_HAL_Driver/Src/stm32h7xx_hal_gpio.o
LOAD ./Drivers/STM32H7xx_HAL_Driver/Src/stm32h7xx_hal_hsem.o
LOAD ./Drivers/STM32H7xx_HAL_Driver/Src/stm32h7xx_hal_i2c.o
LOAD ./Drivers/STM32H7xx_HAL_Driver/Src/stm32h7xx_hal_i2c_ex.o
LOAD ./Drivers/STM32H7xx_HAL_Driver/Src/stm32h7xx_hal_mdma.o
LOAD ./Drivers/STM32H7xx_HAL_Driver/Src/stm32h7xx_hal_ospi.o
LOAD ./Drivers/STM32H7xx_HAL_Driver/Src/stm32h7xx_hal_pcd.o
LOAD ./Drivers/STM32H7xx_HAL_Driver/Src/stm32h7xx_hal_pcd_ex.o
LOAD ./Drivers/STM32H7xx_HAL_Driver/Src/stm32h7xx_hal_pwr.o
LOAD ./Drivers/STM32H7xx_HAL_Driver/Src/stm32h7xx_hal_pwr_ex.o
LOAD ./Drivers/STM32H7xx_HAL_Driver/Src/stm32h7xx_hal_rcc.o
LOAD ./Drivers/STM32H7xx_HAL_Driver/Src/stm32h7xx_hal_rcc_ex.o
LOAD ./Drivers/STM32H7xx_HAL_Driver/Src/stm32h7xx_hal_sai.o
LOAD ./Drivers/STM32H7xx_HAL_Driver/Src/stm32h7xx_hal_sai_ex.o
LOAD ./Drivers/STM32H7xx_HAL_Driver/Src/stm32h7xx_hal_tim.o
LOAD ./Drivers/STM32H7xx_HAL_Driver/Src/stm32h7xx_hal_tim_ex.o
LOAD ./Drivers/STM32H7xx_HAL_Driver/Src/stm32h7xx_ll_usb.o
LOAD ./Middlewares/ST/STM32_USB_Device_Library/Class/AUDIO/Src/usbd_audio.o
LOAD ./Middlewares/ST/STM32_USB_Device_Library/Core/Src/usbd_core.o
LOAD ./Middlewares/ST/STM32_USB_Device_Library/Core/Src/usbd_ctlreq.o
LOAD ./Middlewares/ST/STM32_USB_Device_Library/Core/Src/usbd_ioreq.o
LOAD ./USB_DEVICE/App/usb_device.o
LOAD ./USB_DEVICE/App/usbd_audio_if.o
LOAD ./USB_DEVICE/App/usbd_desc.o
LOAD ./USB_DEVICE/Target/usbd_conf.o
START GROUP
LOAD C:/ST/STM32CubeIDE_1.9.0/STM32CubeIDE/plugins/com.st.stm32cube.ide.mcu.externaltools.gnu-tools-for-stm32.12.3.rel1.win32_1.1.0.202410251130/tools/bin/../lib/gcc/arm-none-eabi/12.3.1/../../../../arm-none-eabi/lib/thumb/v7e-m+dp/hard\libc_nano.a
LOAD C:/ST/STM32CubeIDE_1.9.0/STM32CubeIDE/plugins/com.st.stm32cube.ide.mcu.externaltools.gnu-tools-for-stm32.12.3.rel1.win32_1.1.0.202410251130/tools/bin/../lib/gcc/arm-none-eabi/12.3.1/../../../../arm-none-eabi/lib/thumb/v7e-m+dp/hard\libm.a
END GROUP
START GROUP
LOAD C:/ST/STM32CubeIDE_1.9.0/STM32CubeIDE/plugins/com.st.stm32cube.ide.mcu.externaltools.gnu-tools-for-stm32.12.3.rel1.win32_1.1.0.202410251130/tools/bin/../lib/gcc/arm-none-eabi/12.3.1/thumb/v7e-m+dp/hard\libgcc.a
LOAD C:/ST/STM32CubeIDE_1.9.0/STM32CubeIDE/plugins/com.st.stm32cube.ide.mcu.externaltools.gnu-tools-for-stm32.12.3.rel1.win32_1.1.0.202410251130/tools/bin/../lib/gcc/arm-none-eabi/12.3.1/../../../../arm-none-eabi/lib/thumb/v7e-m+dp/hard\libc_nano.a
END GROUP
START GROUP
LOAD C:/ST/STM32CubeIDE_1.9.0/STM32CubeIDE/plugins/com.st.stm32cube.ide.mcu.externaltools.gnu-tools-for-stm32.12.3.rel1.win32_1.1.0.202410251130/tools/bin/../lib/gcc/arm-none-eabi/12.3.1/thumb/v7e-m+dp/hard\libgcc.a
LOAD C:/ST/STM32CubeIDE_1.9.0/STM32CubeIDE/plugins/com.st.stm32cube.ide.mcu.externaltools.gnu-tools-for-stm32.12.3.rel1.win32_1.1.0.202410251130/tools/bin/../lib/gcc/arm-none-eabi/12.3.1/../../../../arm-none-eabi/lib/thumb/v7e-m+dp/hard\libc_nano.a
LOAD C:/ST/STM32CubeIDE_1.9.0/STM32CubeIDE/plugins/com.st.stm32cube.ide.mcu.externaltools.gnu-tools-for-stm32.12.3.rel1.win32_1.1.0.202410251130/tools/bin/../lib/gcc/arm-none-eabi/12.3.1/../../../../arm-none-eabi/lib/thumb/v7e-m+dp/hard\libnosys.a
END GROUP
START GROUP
LOAD C:/ST/STM32CubeIDE_1.9.0/STM32CubeIDE/plugins/com.st.stm32cube.ide.mcu.externaltools.gnu-tools-for-stm32.12.3.rel1.win32_1.1.0.202410251130/tools/bin/../lib/gcc/arm-none-eabi/12.3.1/thumb/v7e-m+dp/hard\libgcc.a
LOAD C:/ST/STM32CubeIDE_1.9.0/STM32CubeIDE/plugins/com.st.stm32cube.ide.mcu.externaltools.gnu-tools-for-stm32.12.3.rel1.win32_1.1.0.202410251130/tools/bin/../lib/gcc/arm-none-eabi/12.3.1/../../../../arm-none-eabi/lib/thumb/v7e-m+dp/hard\libc_nano.a
LOAD C:/ST/STM32CubeIDE_1.9.0/STM32CubeIDE/plugins/com.st.stm32cube.ide.mcu.externaltools.gnu-tools-for-stm32.12.3.rel1.win32_1.1.0.202410251130/tools/bin/../lib/gcc/arm-none-eabi/12.3.1/../../../../arm-none-eabi/lib/thumb/v7e-m+dp/hard\libnosys.a
END GROUP
LOAD C:/ST/STM32CubeIDE_1.9.0/STM32CubeIDE/plugins/com.st.stm32cube.ide.mcu.externaltools.gnu-tools-for-stm32.12.3.rel1.win32_1.1.0.202410251130/tools/bin/../lib/gcc/arm-none-eabi/12.3.1/thumb/v7e-m+dp/hard/crtend.o
LOAD C:/ST/STM32CubeIDE_1.9.0/STM32CubeIDE/plugins/com.st.stm32cube.ide.mcu.externaltools.gnu-tools-for-stm32.12.3.rel1.win32_1.1.0.202410251130/tools/bin/../lib/gcc/arm-none-eabi/12.3.1/thumb/v7e-m+dp/hard/crtn.o
                0x24100000                        _estack = (ORIGIN (RAM) + LENGTH (RAM))
                0x00000200                        _Min_Heap_Size = 0x200
                0x00000400                        _Min_Stack_Size = 0x400

.isr_vector     0x08000000      0x2ac
                0x08000000                        . = ALIGN (0x4)
 *(.isr_vector)
 .isr_vector    0x08000000      0x2ac ./Core/Startup/startup_stm32h7b0vbtx.o
                0x08000000                g_pfnVectors
                0x080002ac                        . = ALIGN (0x4)

.text           0x080002b0    0x12eb8
                0x080002b0                        . = ALIGN (0x4)
 *(.text)
 .text          0x080002b0       0x40 C:/ST/STM32CubeIDE_1.9.0/STM32CubeIDE/plugins/com.st.stm32cube.ide.mcu.externaltools.gnu-tools-for-stm32.12.3.rel1.win32_1.1.0.202410251130/tools/bin/../lib/gcc/arm-none-eabi/12.3.1/thumb/v7e-m+dp/hard/crtbegin.o
 *(.text*)
 .text.CS4270_Init
                0x080002f0       0xbc ./Core/Src/CS4270-Codec.o
                0x080002f0                CS4270_Init
 .text.CS4270_Reset
                0x080003ac       0x2c ./Core/Src/CS4270-Codec.o
                0x080003ac                CS4270_Reset
 .text.CS4270_RegWrite
                0x080003d8       0x3c ./Core/Src/CS4270-Codec.o
                0x080003d8                CS4270_RegWrite
 .text.CS4270_RegRead
                0x08000414       0x38 ./Core/Src/CS4270-Codec.o
                0x08000414                CS4270_RegRead
 *fill*         0x0800044c        0x4 
 .text.IFX_Overdrive_Init
                0x08000450      0x130 ./Core/Src/IFX_Overdrive.o
                0x08000450                IFX_Overdrive_Init
 .text.IFX_Overdrive_SetGain
                0x08000580       0x20 ./Core/Src/IFX_Overdrive.o
                0x08000580                IFX_Overdrive_SetGain
 .text.IFX_Overdrive_SetHPF
                0x080005a0       0x48 ./Core/Src/IFX_Overdrive.o
                0x080005a0                IFX_Overdrive_SetHPF
 .text.IFX_Overdrive_SetLPF
                0x080005e8       0x58 ./Core/Src/IFX_Overdrive.o
                0x080005e8                IFX_Overdrive_SetLPF
 .text.IFX_Overdrive_Update
                0x08000640      0x36c ./Core/Src/IFX_Overdrive.o
                0x08000640                IFX_Overdrive_Update
 .text.MPU_Init
                0x080009ac       0x4e ./Core/Src/main.o
                0x080009ac                MPU_Init
 *fill*         0x080009fa        0x2 
 .text.Process_HalfBuffer
                0x080009fc      0x234 ./Core/Src/main.o
                0x080009fc                Process_HalfBuffer
 .text.HAL_SAI_RxHalfCpltCallback
                0x08000c30       0x30 ./Core/Src/main.o
                0x08000c30                HAL_SAI_RxHalfCpltCallback
 .text.HAL_SAI_RxCpltCallback
                0x08000c60       0x30 ./Core/Src/main.o
                0x08000c60                HAL_SAI_RxCpltCallback
 .text.HAL_ADC_ConvCpltCallback
                0x08000c90       0x2c ./Core/Src/main.o
                0x08000c90                HAL_ADC_ConvCpltCallback
 .text.SetLED   0x08000cbc       0x3c ./Core/Src/main.o
                0x08000cbc                SetLED
 .text.Error_LED
                0x08000cf8       0x38 ./Core/Src/main.o
                0x08000cf8                Error_LED
 .text.HAL_GPIO_EXTI_Callback
                0x08000d30       0xb4 ./Core/Src/main.o
                0x08000d30                HAL_GPIO_EXTI_Callback
 .text.main     0x08000de4      0x4f8 ./Core/Src/main.o
                0x08000de4                main
 .text.SystemClock_Config
                0x080012dc       0xec ./Core/Src/main.o
                0x080012dc                SystemClock_Config
 .text.PeriphCommonClock_Config
                0x080013c8       0x90 ./Core/Src/main.o
                0x080013c8                PeriphCommonClock_Config
 .text.MX_ADC1_Init
                0x08001458      0x178 ./Core/Src/main.o
 .text.MX_ADC2_Init
                0x080015d0       0xcc ./Core/Src/main.o
 .text.MX_I2C1_Init
                0x0800169c       0x80 ./Core/Src/main.o
 .text.MX_OCTOSPI2_Init
                0x0800171c       0xbc ./Core/Src/main.o
 .text.MX_SAI1_Init
                0x080017d8       0xc0 ./Core/Src/main.o
 .text.MX_TIM1_Init
                0x08001898      0x158 ./Core/Src/main.o
 .text.MX_TIM3_Init
                0x080019f0       0xec ./Core/Src/main.o
 .text.MX_TIM15_Init
                0x08001adc      0x148 ./Core/Src/main.o
 .text.MX_DMA_Init
                0x08001c24       0x80 ./Core/Src/main.o
 .text.MX_GPIO_Init
                0x08001ca4      0x1ac ./Core/Src/main.o
 .text.Error_Handler
                0x08001e50        0xc ./Core/Src/main.o
                0x08001e50                Error_Handler
 .text.HAL_MspInit
                0x08001e5c       0x34 ./Core/Src/stm32h7xx_hal_msp.o
                0x08001e5c                HAL_MspInit
 .text.HAL_ADC_MspInit
                0x08001e90      0x184 ./Core/Src/stm32h7xx_hal_msp.o
                0x08001e90                HAL_ADC_MspInit
 .text.HAL_I2C_MspInit
                0x08002014       0xd4 ./Core/Src/stm32h7xx_hal_msp.o
                0x08002014                HAL_I2C_MspInit
 .text.HAL_OSPI_MspInit
                0x080020e8      0x1dc ./Core/Src/stm32h7xx_hal_msp.o
                0x080020e8                HAL_OSPI_MspInit
 .text.HAL_TIM_Base_MspInit
                0x080022c4       0xac ./Core/Src/stm32h7xx_hal_msp.o
                0x080022c4                HAL_TIM_Base_MspInit
 .text.HAL_TIM_MspPostInit
                0x08002370       0xcc ./Core/Src/stm32h7xx_hal_msp.o
                0x08002370                HAL_TIM_MspPostInit
 .text.HAL_SAI_MspInit
                0x0800243c      0x1cc ./Core/Src/stm32h7xx_hal_msp.o
                0x0800243c                HAL_SAI_MspInit
 .text.NMI_Handler
                0x08002608        0x8 ./Core/Src/stm32h7xx_it.o
                0x08002608                NMI_Handler
 .text.HardFault_Handler
                0x08002610        0x8 ./Core/Src/stm32h7xx_it.o
                0x08002610                HardFault_Handler
 .text.MemManage_Handler
                0x08002618        0x8 ./Core/Src/stm32h7xx_it.o
                0x08002618                MemManage_Handler
 .text.BusFault_Handler
                0x08002620        0x8 ./Core/Src/stm32h7xx_it.o
                0x08002620                BusFault_Handler
 .text.UsageFault_Handler
                0x08002628        0x8 ./Core/Src/stm32h7xx_it.o
                0x08002628                UsageFault_Handler
 .text.SVC_Handler
                0x08002630        0xe ./Core/Src/stm32h7xx_it.o
                0x08002630                SVC_Handler
 .text.DebugMon_Handler
                0x0800263e        0xe ./Core/Src/stm32h7xx_it.o
                0x0800263e                DebugMon_Handler
 .text.PendSV_Handler
                0x0800264c        0xe ./Core/Src/stm32h7xx_it.o
                0x0800264c                PendSV_Handler
 .text.SysTick_Handler
                0x0800265a        0xc ./Core/Src/stm32h7xx_it.o
                0x0800265a                SysTick_Handler
 .text.EXTI4_IRQHandler
                0x08002666        0xe ./Core/Src/stm32h7xx_it.o
                0x08002666                EXTI4_IRQHandler
 .text.DMA1_Stream0_IRQHandler
                0x08002674       0x14 ./Core/Src/stm32h7xx_it.o
                0x08002674                DMA1_Stream0_IRQHandler
 .text.DMA1_Stream1_IRQHandler
                0x08002688       0x14 ./Core/Src/stm32h7xx_it.o
                0x08002688                DMA1_Stream1_IRQHandler
 .text.EXTI9_5_IRQHandler
                0x0800269c        0xe ./Core/Src/stm32h7xx_it.o
                0x0800269c                EXTI9_5_IRQHandler
 *fill*         0x080026aa        0x2 
 .text.TIM3_IRQHandler
                0x080026ac       0x14 ./Core/Src/stm32h7xx_it.o
                0x080026ac                TIM3_IRQHandler
 .text.DMA2_Stream0_IRQHandler
                0x080026c0       0x14 ./Core/Src/stm32h7xx_it.o
                0x080026c0                DMA2_Stream0_IRQHandler
 .text.OTG_HS_EP1_OUT_IRQHandler
                0x080026d4       0x14 ./Core/Src/stm32h7xx_it.o
                0x080026d4                OTG_HS_EP1_OUT_IRQHandler
 .text.OTG_HS_EP1_IN_IRQHandler
                0x080026e8       0x14 ./Core/Src/stm32h7xx_it.o
                0x080026e8                OTG_HS_EP1_IN_IRQHandler
 .text.OTG_HS_IRQHandler
                0x080026fc       0x14 ./Core/Src/stm32h7xx_it.o
                0x080026fc                OTG_HS_IRQHandler
 .text.SystemInit
                0x08002710       0xf0 ./Core/Src/system_stm32h7xx.o
                0x08002710                SystemInit
 .text.Reset_Handler
                0x08002800       0x50 ./Core/Startup/startup_stm32h7b0vbtx.o
                0x08002800                Reset_Handler
 .text.Default_Handler
                0x08002850        0x2 ./Core/Startup/startup_stm32h7b0vbtx.o
                0x08002850                RTC_Alarm_IRQHandler
                0x08002850                HASH_RNG_IRQHandler
                0x08002850                EXTI2_IRQHandler
                0x08002850                TIM8_CC_IRQHandler
                0x08002850                UART8_IRQHandler
                0x08002850                BDMA2_Channel1_IRQHandler
                0x08002850                SPI4_IRQHandler
                0x08002850                BDMA2_Channel0_IRQHandler
                0x08002850                TIM1_CC_IRQHandler
                0x08002850                DMA2_Stream5_IRQHandler
                0x08002850                JPEG_IRQHandler
                0x08002850                DMA1_Stream5_IRQHandler
                0x08002850                EXTI3_IRQHandler
                0x08002850                LPTIM4_IRQHandler
                0x08002850                TIM8_TRG_COM_TIM14_IRQHandler
                0x08002850                LPTIM2_IRQHandler
                0x08002850                DFSDM1_FLT1_IRQHandler
                0x08002850                DMAMUX2_OVR_IRQHandler
                0x08002850                GFXMMU_IRQHandler
                0x08002850                TIM8_UP_TIM13_IRQHandler
                0x08002850                I2C3_ER_IRQHandler
                0x08002850                DFSDM1_FLT2_IRQHandler
                0x08002850                USART10_IRQHandler
                0x08002850                MDMA_IRQHandler
                0x08002850                LPTIM3_IRQHandler
                0x08002850                BDMA2_Channel3_IRQHandler
                0x08002850                HSEM1_IRQHandler
                0x08002850                EXTI0_IRQHandler
                0x08002850                I2C2_EV_IRQHandler
                0x08002850                DAC2_IRQHandler
                0x08002850                DMA1_Stream2_IRQHandler
                0x08002850                FPU_IRQHandler
                0x08002850                OTG_HS_WKUP_IRQHandler
                0x08002850                FDCAN1_IT1_IRQHandler
                0x08002850                LTDC_ER_IRQHandler
                0x08002850                DMA2_Stream2_IRQHandler
                0x08002850                SPI1_IRQHandler
                0x08002850                OCTOSPI1_IRQHandler
                0x08002850                TIM6_DAC_IRQHandler
                0x08002850                BDMA2_Channel6_IRQHandler
                0x08002850                DMA2_Stream3_IRQHandler
                0x08002850                OCTOSPI2_IRQHandler
                0x08002850                SAI2_IRQHandler
                0x08002850                BDMA1_IRQHandler
                0x08002850                DFSDM1_FLT3_IRQHandler
                0x08002850                USART6_IRQHandler
                0x08002850                TIM17_IRQHandler
                0x08002850                USART3_IRQHandler
                0x08002850                CRYP_IRQHandler
                0x08002850                LPTIM5_IRQHandler
                0x08002850                UART5_IRQHandler
                0x08002850                TIM4_IRQHandler
                0x08002850                I2C1_EV_IRQHandler
                0x08002850                DMA1_Stream6_IRQHandler
                0x08002850                DMAMUX1_OVR_IRQHandler
                0x08002850                TIM16_IRQHandler
                0x08002850                UART4_IRQHandler
                0x08002850                RCC_IRQHandler
                0x08002850                UART9_IRQHandler
                0x08002850                TIM8_BRK_TIM12_IRQHandler
                0x08002850                TIM1_TRG_COM_IRQHandler
                0x08002850                Default_Handler
                0x08002850                ECC_IRQHandler
                0x08002850                BDMA2_Channel2_IRQHandler
                0x08002850                CEC_IRQHandler
                0x08002850                EXTI15_10_IRQHandler
                0x08002850                DFSDM1_FLT4_IRQHandler
                0x08002850                ADC_IRQHandler
                0x08002850                OTFDEC1_IRQHandler
                0x08002850                DMA1_Stream7_IRQHandler
                0x08002850                SPI5_IRQHandler
                0x08002850                TIM7_IRQHandler
                0x08002850                SDMMC1_IRQHandler
                0x08002850                TIM5_IRQHandler
                0x08002850                DMA2_Stream7_IRQHandler
                0x08002850                TIM15_IRQHandler
                0x08002850                I2C3_EV_IRQHandler
                0x08002850                DFSDM2_IRQHandler
                0x08002850                RTC_WKUP_IRQHandler
                0x08002850                LTDC_IRQHandler
                0x08002850                SPDIF_RX_IRQHandler
                0x08002850                PVD_PVM_IRQHandler
                0x08002850                SPI2_IRQHandler
                0x08002850                DFSDM1_FLT5_IRQHandler
                0x08002850                OTFDEC2_IRQHandler
                0x08002850                CRS_IRQHandler
                0x08002850                DFSDM1_FLT6_IRQHandler
                0x08002850                FDCAN2_IT1_IRQHandler
                0x08002850                COMP_IRQHandler
                0x08002850                TIM1_UP_IRQHandler
                0x08002850                WWDG_IRQHandler
                0x08002850                SPI6_IRQHandler
                0x08002850                MDIOS_IRQHandler
                0x08002850                I2C4_EV_IRQHandler
                0x08002850                FDCAN2_IT0_IRQHandler
                0x08002850                LPUART1_IRQHandler
                0x08002850                FDCAN1_IT0_IRQHandler
                0x08002850                TIM2_IRQHandler
                0x08002850                BDMA2_Channel5_IRQHandler
                0x08002850                DMA2D_IRQHandler
                0x08002850                TIM1_BRK_IRQHandler
                0x08002850                EXTI1_IRQHandler
                0x08002850                SDMMC2_IRQHandler
                0x08002850                DTS_IRQHandler
                0x08002850                UART7_IRQHandler
                0x08002850                MDIOS_WKUP_IRQHandler
                0x08002850                USART2_IRQHandler
                0x08002850                DFSDM1_FLT0_IRQHandler
                0x08002850                I2C2_ER_IRQHandler
                0x08002850                DMA2_Stream1_IRQHandler
                0x08002850                DFSDM1_FLT7_IRQHandler
                0x08002850                FLASH_IRQHandler
                0x08002850                DMA2_Stream4_IRQHandler
                0x08002850                USART1_IRQHandler
                0x08002850                SPI3_IRQHandler
                0x08002850                WAKEUP_PIN_IRQHandler
                0x08002850                DMA1_Stream4_IRQHandler
                0x08002850                I2C1_ER_IRQHandler
                0x08002850                FMC_IRQHandler
                0x08002850                BDMA2_Channel7_IRQHandler
                0x08002850                FDCAN_CAL_IRQHandler
                0x08002850                SWPMI1_IRQHandler
                0x08002850                LPTIM1_IRQHandler
                0x08002850                DCMI_PSSI_IRQHandler
                0x08002850                I2C4_ER_IRQHandler
                0x08002850                DMA2_Stream6_IRQHandler
                0x08002850                SAI1_IRQHandler
                0x08002850                DMA1_Stream3_IRQHandler
                0x08002850                RTC_TAMP_STAMP_CSS_LSE_IRQHandler
                0x08002850                BDMA2_Channel4_IRQHandler
 *fill*         0x08002852        0x2 
 .text.HAL_Init
                0x08002854       0x78 ./Drivers/STM32H7xx_HAL_Driver/Src/stm32h7xx_hal.o
                0x08002854                HAL_Init
 .text.HAL_InitTick
                0x080028cc       0x6c ./Drivers/STM32H7xx_HAL_Driver/Src/stm32h7xx_hal.o
                0x080028cc                HAL_InitTick
 .text.HAL_IncTick
                0x08002938       0x28 ./Drivers/STM32H7xx_HAL_Driver/Src/stm32h7xx_hal.o
                0x08002938                HAL_IncTick
 .text.HAL_GetTick
                0x08002960       0x18 ./Drivers/STM32H7xx_HAL_Driver/Src/stm32h7xx_hal.o
                0x08002960                HAL_GetTick
 .text.HAL_Delay
                0x08002978       0x48 ./Drivers/STM32H7xx_HAL_Driver/Src/stm32h7xx_hal.o
                0x08002978                HAL_Delay
 .text.LL_ADC_SetCommonClock
                0x080029c0       0x26 ./Drivers/STM32H7xx_HAL_Driver/Src/stm32h7xx_hal_adc.o
 .text.LL_ADC_SetCommonPathInternalCh
                0x080029e6       0x26 ./Drivers/STM32H7xx_HAL_Driver/Src/stm32h7xx_hal_adc.o
 .text.LL_ADC_GetCommonPathInternalCh
                0x08002a0c       0x1c ./Drivers/STM32H7xx_HAL_Driver/Src/stm32h7xx_hal_adc.o
 .text.LL_ADC_SetOffset
                0x08002a28       0x40 ./Drivers/STM32H7xx_HAL_Driver/Src/stm32h7xx_hal_adc.o
 .text.LL_ADC_SetDataRightShift
                0x08002a68       0x32 ./Drivers/STM32H7xx_HAL_Driver/Src/stm32h7xx_hal_adc.o
 .text.LL_ADC_SetOffsetSignedSaturation
                0x08002a9a       0x36 ./Drivers/STM32H7xx_HAL_Driver/Src/stm32h7xx_hal_adc.o
 .text.LL_ADC_REG_IsTriggerSourceSWStart
                0x08002ad0       0x26 ./Drivers/STM32H7xx_HAL_Driver/Src/stm32h7xx_hal_adc.o
 .text.LL_ADC_REG_SetSequencerRanks
                0x08002af6       0x58 ./Drivers/STM32H7xx_HAL_Driver/Src/stm32h7xx_hal_adc.o
 .text.LL_ADC_REG_SetDataTransferMode
                0x08002b4e       0x26 ./Drivers/STM32H7xx_HAL_Driver/Src/stm32h7xx_hal_adc.o
 .text.LL_ADC_SetChannelSamplingTime
                0x08002b74       0x56 ./Drivers/STM32H7xx_HAL_Driver/Src/stm32h7xx_hal_adc.o
 *fill*         0x08002bca        0x2 
 .text.LL_ADC_SetChannelSingleDiff
                0x08002bcc       0x48 ./Drivers/STM32H7xx_HAL_Driver/Src/stm32h7xx_hal_adc.o
 .text.LL_ADC_GetMultimode
                0x08002c14       0x1c ./Drivers/STM32H7xx_HAL_Driver/Src/stm32h7xx_hal_adc.o
 .text.LL_ADC_DisableDeepPowerDown
                0x08002c30       0x24 ./Drivers/STM32H7xx_HAL_Driver/Src/stm32h7xx_hal_adc.o
 .text.LL_ADC_IsDeepPowerDownEnabled
                0x08002c54       0x28 ./Drivers/STM32H7xx_HAL_Driver/Src/stm32h7xx_hal_adc.o
 .text.LL_ADC_EnableInternalRegulator
                0x08002c7c       0x28 ./Drivers/STM32H7xx_HAL_Driver/Src/stm32h7xx_hal_adc.o
 .text.LL_ADC_IsInternalRegulatorEnabled
                0x08002ca4       0x28 ./Drivers/STM32H7xx_HAL_Driver/Src/stm32h7xx_hal_adc.o
 .text.LL_ADC_Enable
                0x08002ccc       0x28 ./Drivers/STM32H7xx_HAL_Driver/Src/stm32h7xx_hal_adc.o
 .text.LL_ADC_Disable
                0x08002cf4       0x28 ./Drivers/STM32H7xx_HAL_Driver/Src/stm32h7xx_hal_adc.o
 .text.LL_ADC_IsEnabled
                0x08002d1c       0x26 ./Drivers/STM32H7xx_HAL_Driver/Src/stm32h7xx_hal_adc.o
 .text.LL_ADC_IsDisableOngoing
                0x08002d42       0x26 ./Drivers/STM32H7xx_HAL_Driver/Src/stm32h7xx_hal_adc.o
 .text.LL_ADC_REG_StartConversion
                0x08002d68       0x28 ./Drivers/STM32H7xx_HAL_Driver/Src/stm32h7xx_hal_adc.o
 .text.LL_ADC_REG_IsConversionOngoing
                0x08002d90       0x26 ./Drivers/STM32H7xx_HAL_Driver/Src/stm32h7xx_hal_adc.o
 .text.LL_ADC_INJ_IsConversionOngoing
                0x08002db6       0x26 ./Drivers/STM32H7xx_HAL_Driver/Src/stm32h7xx_hal_adc.o
 .text.HAL_ADC_Init
                0x08002ddc      0x2b4 ./Drivers/STM32H7xx_HAL_Driver/Src/stm32h7xx_hal_adc.o
                0x08002ddc                HAL_ADC_Init
 .text.HAL_ADC_Start_DMA
                0x08003090      0x168 ./Drivers/STM32H7xx_HAL_Driver/Src/stm32h7xx_hal_adc.o
                0x08003090                HAL_ADC_Start_DMA
 .text.HAL_ADC_ConvHalfCpltCallback
                0x080031f8       0x14 ./Drivers/STM32H7xx_HAL_Driver/Src/stm32h7xx_hal_adc.o
                0x080031f8                HAL_ADC_ConvHalfCpltCallback
 .text.HAL_ADC_ErrorCallback
                0x0800320c       0x14 ./Drivers/STM32H7xx_HAL_Driver/Src/stm32h7xx_hal_adc.o
                0x0800320c                HAL_ADC_ErrorCallback
 .text.HAL_ADC_ConfigChannel
                0x08003220      0x5d4 ./Drivers/STM32H7xx_HAL_Driver/Src/stm32h7xx_hal_adc.o
                0x08003220                HAL_ADC_ConfigChannel
 .text.ADC_Enable
                0x080037f4       0xf8 ./Drivers/STM32H7xx_HAL_Driver/Src/stm32h7xx_hal_adc.o
                0x080037f4                ADC_Enable
 .text.ADC_Disable
                0x080038ec       0xbe ./Drivers/STM32H7xx_HAL_Driver/Src/stm32h7xx_hal_adc.o
                0x080038ec                ADC_Disable
 .text.ADC_DMAConvCplt
                0x080039aa       0xd8 ./Drivers/STM32H7xx_HAL_Driver/Src/stm32h7xx_hal_adc.o
                0x080039aa                ADC_DMAConvCplt
 .text.ADC_DMAHalfConvCplt
                0x08003a82       0x1c ./Drivers/STM32H7xx_HAL_Driver/Src/stm32h7xx_hal_adc.o
                0x08003a82                ADC_DMAHalfConvCplt
 .text.ADC_DMAError
                0x08003a9e       0x34 ./Drivers/STM32H7xx_HAL_Driver/Src/stm32h7xx_hal_adc.o
                0x08003a9e                ADC_DMAError
 *fill*         0x08003ad2        0x2 
 .text.ADC_ConfigureBoostMode
                0x08003ad4      0x19c ./Drivers/STM32H7xx_HAL_Driver/Src/stm32h7xx_hal_adc.o
                0x08003ad4                ADC_ConfigureBoostMode
 .text.LL_ADC_IsEnabled
                0x08003c70       0x26 ./Drivers/STM32H7xx_HAL_Driver/Src/stm32h7xx_hal_adc_ex.o
 *fill*         0x08003c96        0x2 
 .text.LL_ADC_StartCalibration
                0x08003c98       0x3c ./Drivers/STM32H7xx_HAL_Driver/Src/stm32h7xx_hal_adc_ex.o
 .text.LL_ADC_IsCalibrationOnGoing
                0x08003cd4       0x28 ./Drivers/STM32H7xx_HAL_Driver/Src/stm32h7xx_hal_adc_ex.o
 .text.LL_ADC_REG_IsConversionOngoing
                0x08003cfc       0x26 ./Drivers/STM32H7xx_HAL_Driver/Src/stm32h7xx_hal_adc_ex.o
 *fill*         0x08003d22        0x2 
 .text.HAL_ADCEx_Calibration_Start
                0x08003d24       0xc8 ./Drivers/STM32H7xx_HAL_Driver/Src/stm32h7xx_hal_adc_ex.o
                0x08003d24                HAL_ADCEx_Calibration_Start
 .text.HAL_ADCEx_MultiModeConfigChannel
                0x08003dec      0x138 ./Drivers/STM32H7xx_HAL_Driver/Src/stm32h7xx_hal_adc_ex.o
                0x08003dec                HAL_ADCEx_MultiModeConfigChannel
 .text.__NVIC_SetPriorityGrouping
                0x08003f24       0x48 ./Drivers/STM32H7xx_HAL_Driver/Src/stm32h7xx_hal_cortex.o
 .text.__NVIC_GetPriorityGrouping
                0x08003f6c       0x1c ./Drivers/STM32H7xx_HAL_Driver/Src/stm32h7xx_hal_cortex.o
 .text.__NVIC_EnableIRQ
                0x08003f88       0x3c ./Drivers/STM32H7xx_HAL_Driver/Src/stm32h7xx_hal_cortex.o
 .text.__NVIC_SetPriority
                0x08003fc4       0x54 ./Drivers/STM32H7xx_HAL_Driver/Src/stm32h7xx_hal_cortex.o
 .text.NVIC_EncodePriority
                0x08004018       0x66 ./Drivers/STM32H7xx_HAL_Driver/Src/stm32h7xx_hal_cortex.o
 *fill*         0x0800407e        0x2 
 .text.SysTick_Config
                0x08004080       0x44 ./Drivers/STM32H7xx_HAL_Driver/Src/stm32h7xx_hal_cortex.o
 .text.HAL_NVIC_SetPriorityGrouping
                0x080040c4       0x16 ./Drivers/STM32H7xx_HAL_Driver/Src/stm32h7xx_hal_cortex.o
                0x080040c4                HAL_NVIC_SetPriorityGrouping
 .text.HAL_NVIC_SetPriority
                0x080040da       0x34 ./Drivers/STM32H7xx_HAL_Driver/Src/stm32h7xx_hal_cortex.o
                0x080040da                HAL_NVIC_SetPriority
 .text.HAL_NVIC_EnableIRQ
                0x0800410e       0x1c ./Drivers/STM32H7xx_HAL_Driver/Src/stm32h7xx_hal_cortex.o
                0x0800410e                HAL_NVIC_EnableIRQ
 .text.HAL_SYSTICK_Config
                0x0800412a       0x18 ./Drivers/STM32H7xx_HAL_Driver/Src/stm32h7xx_hal_cortex.o
                0x0800412a                HAL_SYSTICK_Config
 *fill*         0x08004142        0x2 
 .text.HAL_MPU_Disable
                0x08004144       0x30 ./Drivers/STM32H7xx_HAL_Driver/Src/stm32h7xx_hal_cortex.o
                0x08004144                HAL_MPU_Disable
 .text.HAL_MPU_Enable
                0x08004174       0x40 ./Drivers/STM32H7xx_HAL_Driver/Src/stm32h7xx_hal_cortex.o
                0x08004174                HAL_MPU_Enable
 .text.HAL_MPU_ConfigRegion
                0x080041b4       0x80 ./Drivers/STM32H7xx_HAL_Driver/Src/stm32h7xx_hal_cortex.o
                0x080041b4                HAL_MPU_ConfigRegion
 .text.HAL_DMA_Init
                0x08004234      0x71c ./Drivers/STM32H7xx_HAL_Driver/Src/stm32h7xx_hal_dma.o
                0x08004234                HAL_DMA_Init
 .text.HAL_DMA_Start_IT
                0x08004950      0x4d4 ./Drivers/STM32H7xx_HAL_Driver/Src/stm32h7xx_hal_dma.o
                0x08004950                HAL_DMA_Start_IT
 .text.HAL_DMA_IRQHandler
                0x08004e24      0xec4 ./Drivers/STM32H7xx_HAL_Driver/Src/stm32h7xx_hal_dma.o
                0x08004e24                HAL_DMA_IRQHandler
 .text.HAL_DMA_GetError
                0x08005ce8       0x18 ./Drivers/STM32H7xx_HAL_Driver/Src/stm32h7xx_hal_dma.o
                0x08005ce8                HAL_DMA_GetError
 .text.DMA_SetConfig
                0x08005d00      0x3c8 ./Drivers/STM32H7xx_HAL_Driver/Src/stm32h7xx_hal_dma.o
 .text.DMA_CalcBaseAndBitshift
                0x080060c8      0x164 ./Drivers/STM32H7xx_HAL_Driver/Src/stm32h7xx_hal_dma.o
 .text.DMA_CheckFifoParam
                0x0800622c       0xf8 ./Drivers/STM32H7xx_HAL_Driver/Src/stm32h7xx_hal_dma.o
 .text.DMA_CalcDMAMUXChannelBaseAndMask
                0x08006324      0x134 ./Drivers/STM32H7xx_HAL_Driver/Src/stm32h7xx_hal_dma.o
 .text.DMA_CalcDMAMUXRequestGenBaseAndMask
                0x08006458       0xe8 ./Drivers/STM32H7xx_HAL_Driver/Src/stm32h7xx_hal_dma.o
 .text.HAL_GPIO_Init
                0x08006540      0x360 ./Drivers/STM32H7xx_HAL_Driver/Src/stm32h7xx_hal_gpio.o
                0x08006540                HAL_GPIO_Init
 .text.HAL_GPIO_ReadPin
                0x080068a0       0x30 ./Drivers/STM32H7xx_HAL_Driver/Src/stm32h7xx_hal_gpio.o
                0x080068a0                HAL_GPIO_ReadPin
 .text.HAL_GPIO_WritePin
                0x080068d0       0x32 ./Drivers/STM32H7xx_HAL_Driver/Src/stm32h7xx_hal_gpio.o
                0x080068d0                HAL_GPIO_WritePin
 .text.HAL_GPIO_EXTI_IRQHandler
                0x08006902       0x34 ./Drivers/STM32H7xx_HAL_Driver/Src/stm32h7xx_hal_gpio.o
                0x08006902                HAL_GPIO_EXTI_IRQHandler
 *fill*         0x08006936        0x2 
 .text.HAL_I2C_Init
                0x08006938      0x138 ./Drivers/STM32H7xx_HAL_Driver/Src/stm32h7xx_hal_i2c.o
                0x08006938                HAL_I2C_Init
 .text.HAL_I2C_Mem_Write
                0x08006a70      0x228 ./Drivers/STM32H7xx_HAL_Driver/Src/stm32h7xx_hal_i2c.o
                0x08006a70                HAL_I2C_Mem_Write
 .text.HAL_I2C_Mem_Read
                0x08006c98      0x234 ./Drivers/STM32H7xx_HAL_Driver/Src/stm32h7xx_hal_i2c.o
                0x08006c98                HAL_I2C_Mem_Read
 .text.I2C_RequestMemoryWrite
                0x08006ecc       0xa8 ./Drivers/STM32H7xx_HAL_Driver/Src/stm32h7xx_hal_i2c.o
 .text.I2C_RequestMemoryRead
                0x08006f74       0xa8 ./Drivers/STM32H7xx_HAL_Driver/Src/stm32h7xx_hal_i2c.o
 .text.I2C_Flush_TXDR
                0x0800701c       0x48 ./Drivers/STM32H7xx_HAL_Driver/Src/stm32h7xx_hal_i2c.o
 .text.I2C_WaitOnFlagUntilTimeout
                0x08007064       0xb2 ./Drivers/STM32H7xx_HAL_Driver/Src/stm32h7xx_hal_i2c.o
 .text.I2C_WaitOnTXISFlagUntilTimeout
                0x08007116       0x8e ./Drivers/STM32H7xx_HAL_Driver/Src/stm32h7xx_hal_i2c.o
 .text.I2C_WaitOnSTOPFlagUntilTimeout
                0x080071a4       0x86 ./Drivers/STM32H7xx_HAL_Driver/Src/stm32h7xx_hal_i2c.o
 *fill*         0x0800722a        0x2 
 .text.I2C_IsErrorOccurred
                0x0800722c      0x1c0 ./Drivers/STM32H7xx_HAL_Driver/Src/stm32h7xx_hal_i2c.o
 .text.I2C_TransferConfig
                0x080073ec       0x64 ./Drivers/STM32H7xx_HAL_Driver/Src/stm32h7xx_hal_i2c.o
 .text.HAL_I2CEx_ConfigAnalogFilter
                0x08007450       0x96 ./Drivers/STM32H7xx_HAL_Driver/Src/stm32h7xx_hal_i2c_ex.o
                0x08007450                HAL_I2CEx_ConfigAnalogFilter
 .text.HAL_I2CEx_ConfigDigitalFilter
                0x080074e6       0x98 ./Drivers/STM32H7xx_HAL_Driver/Src/stm32h7xx_hal_i2c_ex.o
                0x080074e6                HAL_I2CEx_ConfigDigitalFilter
 *fill*         0x0800757e        0x2 
 .text.HAL_OSPI_Init
                0x08007580      0x178 ./Drivers/STM32H7xx_HAL_Driver/Src/stm32h7xx_hal_ospi.o
                0x08007580                HAL_OSPI_Init
 .text.HAL_OSPI_SetTimeout
                0x080076f8       0x1e ./Drivers/STM32H7xx_HAL_Driver/Src/stm32h7xx_hal_ospi.o
                0x080076f8                HAL_OSPI_SetTimeout
 *fill*         0x08007716        0x2 
 .text.HAL_OSPIM_Config
                0x08007718      0x9d0 ./Drivers/STM32H7xx_HAL_Driver/Src/stm32h7xx_hal_ospi.o
                0x08007718                HAL_OSPIM_Config
 .text.OSPI_WaitFlagStateUntilTimeout
                0x080080e8       0x6e ./Drivers/STM32H7xx_HAL_Driver/Src/stm32h7xx_hal_ospi.o
 *fill*         0x08008156        0x2 
 .text.OSPIM_GetConfig
                0x08008158      0x174 ./Drivers/STM32H7xx_HAL_Driver/Src/stm32h7xx_hal_ospi.o
 .text.HAL_PCD_Init
                0x080082cc      0x218 ./Drivers/STM32H7xx_HAL_Driver/Src/stm32h7xx_hal_pcd.o
                0x080082cc                HAL_PCD_Init
 .text.HAL_PCD_Start
                0x080084e4       0x6a ./Drivers/STM32H7xx_HAL_Driver/Src/stm32h7xx_hal_pcd.o
                0x080084e4                HAL_PCD_Start
 .text.HAL_PCD_IRQHandler
                0x0800854e      0x99c ./Drivers/STM32H7xx_HAL_Driver/Src/stm32h7xx_hal_pcd.o
                0x0800854e                HAL_PCD_IRQHandler
 .text.HAL_PCD_SetAddress
                0x08008eea       0x48 ./Drivers/STM32H7xx_HAL_Driver/Src/stm32h7xx_hal_pcd.o
                0x08008eea                HAL_PCD_SetAddress
 .text.HAL_PCD_EP_Open
                0x08008f32       0xd0 ./Drivers/STM32H7xx_HAL_Driver/Src/stm32h7xx_hal_pcd.o
                0x08008f32                HAL_PCD_EP_Open
 .text.HAL_PCD_EP_Close
                0x08009002       0x94 ./Drivers/STM32H7xx_HAL_Driver/Src/stm32h7xx_hal_pcd.o
                0x08009002                HAL_PCD_EP_Close
 .text.HAL_PCD_EP_Receive
                0x08009096       0x76 ./Drivers/STM32H7xx_HAL_Driver/Src/stm32h7xx_hal_pcd.o
                0x08009096                HAL_PCD_EP_Receive
 .text.HAL_PCD_EP_GetRxCount
                0x0800910c       0x30 ./Drivers/STM32H7xx_HAL_Driver/Src/stm32h7xx_hal_pcd.o
                0x0800910c                HAL_PCD_EP_GetRxCount
 .text.HAL_PCD_EP_Transmit
                0x0800913c       0x74 ./Drivers/STM32H7xx_HAL_Driver/Src/stm32h7xx_hal_pcd.o
                0x0800913c                HAL_PCD_EP_Transmit
 .text.HAL_PCD_EP_SetStall
                0x080091b0       0xc6 ./Drivers/STM32H7xx_HAL_Driver/Src/stm32h7xx_hal_pcd.o
                0x080091b0                HAL_PCD_EP_SetStall
 .text.HAL_PCD_EP_ClrStall
                0x08009276       0xac ./Drivers/STM32H7xx_HAL_Driver/Src/stm32h7xx_hal_pcd.o
                0x08009276                HAL_PCD_EP_ClrStall
 .text.HAL_PCD_EP_Abort
                0x08009322       0x62 ./Drivers/STM32H7xx_HAL_Driver/Src/stm32h7xx_hal_pcd.o
                0x08009322                HAL_PCD_EP_Abort
 .text.PCD_WriteEmptyTxFifo
                0x08009384      0x118 ./Drivers/STM32H7xx_HAL_Driver/Src/stm32h7xx_hal_pcd.o
 .text.PCD_EP_OutXfrComplete_int
                0x0800949c      0x1d0 ./Drivers/STM32H7xx_HAL_Driver/Src/stm32h7xx_hal_pcd.o
 .text.PCD_EP_OutSetupPacket_int
                0x0800966c       0x8c ./Drivers/STM32H7xx_HAL_Driver/Src/stm32h7xx_hal_pcd.o
 .text.HAL_PCDEx_SetTxFiFo
                0x080096f8       0x8e ./Drivers/STM32H7xx_HAL_Driver/Src/stm32h7xx_hal_pcd_ex.o
                0x080096f8                HAL_PCDEx_SetTxFiFo
 .text.HAL_PCDEx_SetRxFiFo
                0x08009786       0x22 ./Drivers/STM32H7xx_HAL_Driver/Src/stm32h7xx_hal_pcd_ex.o
                0x08009786                HAL_PCDEx_SetRxFiFo
 .text.HAL_PCDEx_ActivateLPM
                0x080097a8       0x48 ./Drivers/STM32H7xx_HAL_Driver/Src/stm32h7xx_hal_pcd_ex.o
                0x080097a8                HAL_PCDEx_ActivateLPM
 .text.HAL_PCDEx_LPM_Callback
                0x080097f0       0x18 ./Drivers/STM32H7xx_HAL_Driver/Src/stm32h7xx_hal_pcd_ex.o
                0x080097f0                HAL_PCDEx_LPM_Callback
 .text.HAL_PWREx_ConfigSupply
                0x08009808       0x74 ./Drivers/STM32H7xx_HAL_Driver/Src/stm32h7xx_hal_pwr_ex.o
                0x08009808                HAL_PWREx_ConfigSupply
 .text.HAL_PWREx_EnableUSBVoltageDetector
                0x0800987c       0x20 ./Drivers/STM32H7xx_HAL_Driver/Src/stm32h7xx_hal_pwr_ex.o
                0x0800987c                HAL_PWREx_EnableUSBVoltageDetector
 .text.HAL_RCC_OscConfig
                0x0800989c      0x864 ./Drivers/STM32H7xx_HAL_Driver/Src/stm32h7xx_hal_rcc.o
                0x0800989c                HAL_RCC_OscConfig
 .text.HAL_RCC_ClockConfig
                0x0800a100      0x36c ./Drivers/STM32H7xx_HAL_Driver/Src/stm32h7xx_hal_rcc.o
                0x0800a100                HAL_RCC_ClockConfig
 .text.HAL_RCC_GetSysClockFreq
                0x0800a46c      0x2f4 ./Drivers/STM32H7xx_HAL_Driver/Src/stm32h7xx_hal_rcc.o
                0x0800a46c                HAL_RCC_GetSysClockFreq
 .text.HAL_RCC_GetHCLKFreq
                0x0800a760       0x60 ./Drivers/STM32H7xx_HAL_Driver/Src/stm32h7xx_hal_rcc.o
                0x0800a760                HAL_RCC_GetHCLKFreq
 .text.HAL_RCC_GetPCLK1Freq
                0x0800a7c0       0x2c ./Drivers/STM32H7xx_HAL_Driver/Src/stm32h7xx_hal_rcc.o
                0x0800a7c0                HAL_RCC_GetPCLK1Freq
 .text.HAL_RCCEx_PeriphCLKConfig
                0x0800a7ec     0x137c ./Drivers/STM32H7xx_HAL_Driver/Src/stm32h7xx_hal_rcc_ex.o
                0x0800a7ec                HAL_RCCEx_PeriphCLKConfig
 .text.HAL_RCCEx_GetPeriphCLKFreq
                0x0800bb68      0x9b0 ./Drivers/STM32H7xx_HAL_Driver/Src/stm32h7xx_hal_rcc_ex.o
                0x0800bb68                HAL_RCCEx_GetPeriphCLKFreq
 .text.HAL_RCCEx_GetD3PCLK1Freq
                0x0800c518       0x2c ./Drivers/STM32H7xx_HAL_Driver/Src/stm32h7xx_hal_rcc_ex.o
                0x0800c518                HAL_RCCEx_GetD3PCLK1Freq
 .text.HAL_RCCEx_GetPLL2ClockFreq
                0x0800c544      0x2a8 ./Drivers/STM32H7xx_HAL_Driver/Src/stm32h7xx_hal_rcc_ex.o
                0x0800c544                HAL_RCCEx_GetPLL2ClockFreq
 .text.HAL_RCCEx_GetPLL3ClockFreq
                0x0800c7ec      0x2a8 ./Drivers/STM32H7xx_HAL_Driver/Src/stm32h7xx_hal_rcc_ex.o
                0x0800c7ec                HAL_RCCEx_GetPLL3ClockFreq
 .text.HAL_RCCEx_GetPLL1ClockFreq
                0x0800ca94      0x2a4 ./Drivers/STM32H7xx_HAL_Driver/Src/stm32h7xx_hal_rcc_ex.o
                0x0800ca94                HAL_RCCEx_GetPLL1ClockFreq
 .text.RCCEx_PLL2_Config
                0x0800cd38      0x164 ./Drivers/STM32H7xx_HAL_Driver/Src/stm32h7xx_hal_rcc_ex.o
 .text.RCCEx_PLL3_Config
                0x0800ce9c      0x164 ./Drivers/STM32H7xx_HAL_Driver/Src/stm32h7xx_hal_rcc_ex.o
 .text.HAL_SAI_InitProtocol
                0x0800d000       0x62 ./Drivers/STM32H7xx_HAL_Driver/Src/stm32h7xx_hal_sai.o
                0x0800d000                HAL_SAI_InitProtocol
 *fill*         0x0800d062        0x2 
 .text.HAL_SAI_Init
                0x0800d064      0x410 ./Drivers/STM32H7xx_HAL_Driver/Src/stm32h7xx_hal_sai.o
                0x0800d064                HAL_SAI_Init
 .text.HAL_SAI_Transmit_DMA
                0x0800d474      0x16c ./Drivers/STM32H7xx_HAL_Driver/Src/stm32h7xx_hal_sai.o
                0x0800d474                HAL_SAI_Transmit_DMA
 .text.HAL_SAI_Receive_DMA
                0x0800d5e0      0x128 ./Drivers/STM32H7xx_HAL_Driver/Src/stm32h7xx_hal_sai.o
                0x0800d5e0                HAL_SAI_Receive_DMA
 .text.HAL_SAI_TxCpltCallback
                0x0800d708       0x14 ./Drivers/STM32H7xx_HAL_Driver/Src/stm32h7xx_hal_sai.o
                0x0800d708                HAL_SAI_TxCpltCallback
 .text.HAL_SAI_TxHalfCpltCallback
                0x0800d71c       0x14 ./Drivers/STM32H7xx_HAL_Driver/Src/stm32h7xx_hal_sai.o
                0x0800d71c                HAL_SAI_TxHalfCpltCallback
 .text.HAL_SAI_ErrorCallback
                0x0800d730       0x14 ./Drivers/STM32H7xx_HAL_Driver/Src/stm32h7xx_hal_sai.o
                0x0800d730                HAL_SAI_ErrorCallback
 .text.SAI_InitI2S
                0x0800d744      0x164 ./Drivers/STM32H7xx_HAL_Driver/Src/stm32h7xx_hal_sai.o
 .text.SAI_InitPCM
                0x0800d8a8      0x104 ./Drivers/STM32H7xx_HAL_Driver/Src/stm32h7xx_hal_sai.o
 .text.SAI_InterruptFlag
                0x0800d9ac       0x6e ./Drivers/STM32H7xx_HAL_Driver/Src/stm32h7xx_hal_sai.o
 *fill*         0x0800da1a        0x2 
 .text.SAI_Disable
                0x0800da1c       0x74 ./Drivers/STM32H7xx_HAL_Driver/Src/stm32h7xx_hal_sai.o
 .text.SAI_DMATxCplt
                0x0800da90       0x60 ./Drivers/STM32H7xx_HAL_Driver/Src/stm32h7xx_hal_sai.o
 .text.SAI_DMATxHalfCplt
                0x0800daf0       0x1c ./Drivers/STM32H7xx_HAL_Driver/Src/stm32h7xx_hal_sai.o
 .text.SAI_DMARxCplt
                0x0800db0c       0x60 ./Drivers/STM32H7xx_HAL_Driver/Src/stm32h7xx_hal_sai.o
 .text.SAI_DMARxHalfCplt
                0x0800db6c       0x1c ./Drivers/STM32H7xx_HAL_Driver/Src/stm32h7xx_hal_sai.o
 .text.SAI_DMAError
                0x0800db88       0x5e ./Drivers/STM32H7xx_HAL_Driver/Src/stm32h7xx_hal_sai.o
 .text.HAL_TIM_Base_Init
                0x0800dbe6       0xae ./Drivers/STM32H7xx_HAL_Driver/Src/stm32h7xx_hal_tim.o
                0x0800dbe6                HAL_TIM_Base_Init
 .text.HAL_TIM_Base_Start
                0x0800dc94       0xe0 ./Drivers/STM32H7xx_HAL_Driver/Src/stm32h7xx_hal_tim.o
                0x0800dc94                HAL_TIM_Base_Start
 .text.HAL_TIM_PWM_Init
                0x0800dd74       0xae ./Drivers/STM32H7xx_HAL_Driver/Src/stm32h7xx_hal_tim.o
                0x0800dd74                HAL_TIM_PWM_Init
 .text.HAL_TIM_PWM_MspInit
                0x0800de22       0x14 ./Drivers/STM32H7xx_HAL_Driver/Src/stm32h7xx_hal_tim.o
                0x0800de22                HAL_TIM_PWM_MspInit
 *fill*         0x0800de36        0x2 
 .text.HAL_TIM_PWM_Start
                0x0800de38      0x21c ./Drivers/STM32H7xx_HAL_Driver/Src/stm32h7xx_hal_tim.o
                0x0800de38                HAL_TIM_PWM_Start
 .text.HAL_TIM_IRQHandler
                0x0800e054      0x20e ./Drivers/STM32H7xx_HAL_Driver/Src/stm32h7xx_hal_tim.o
                0x0800e054                HAL_TIM_IRQHandler
 *fill*         0x0800e262        0x2 
 .text.HAL_TIM_PWM_ConfigChannel
                0x0800e264      0x228 ./Drivers/STM32H7xx_HAL_Driver/Src/stm32h7xx_hal_tim.o
                0x0800e264                HAL_TIM_PWM_ConfigChannel
 .text.HAL_TIM_ConfigClockSource
                0x0800e48c      0x1f0 ./Drivers/STM32H7xx_HAL_Driver/Src/stm32h7xx_hal_tim.o
                0x0800e48c                HAL_TIM_ConfigClockSource
 .text.HAL_TIM_PeriodElapsedCallback
                0x0800e67c       0x14 ./Drivers/STM32H7xx_HAL_Driver/Src/stm32h7xx_hal_tim.o
                0x0800e67c                HAL_TIM_PeriodElapsedCallback
 .text.HAL_TIM_OC_DelayElapsedCallback
                0x0800e690       0x14 ./Drivers/STM32H7xx_HAL_Driver/Src/stm32h7xx_hal_tim.o
                0x0800e690                HAL_TIM_OC_DelayElapsedCallback
 .text.HAL_TIM_IC_CaptureCallback
                0x0800e6a4       0x14 ./Drivers/STM32H7xx_HAL_Driver/Src/stm32h7xx_hal_tim.o
                0x0800e6a4                HAL_TIM_IC_CaptureCallback
 .text.HAL_TIM_PWM_PulseFinishedCallback
                0x0800e6b8       0x14 ./Drivers/STM32H7xx_HAL_Driver/Src/stm32h7xx_hal_tim.o
                0x0800e6b8                HAL_TIM_PWM_PulseFinishedCallback
 .text.HAL_TIM_TriggerCallback
                0x0800e6cc       0x14 ./Drivers/STM32H7xx_HAL_Driver/Src/stm32h7xx_hal_tim.o
                0x0800e6cc                HAL_TIM_TriggerCallback
 .text.TIM_Base_SetConfig
                0x0800e6e0      0x14c ./Drivers/STM32H7xx_HAL_Driver/Src/stm32h7xx_hal_tim.o
                0x0800e6e0                TIM_Base_SetConfig
 .text.TIM_OC1_SetConfig
                0x0800e82c      0x120 ./Drivers/STM32H7xx_HAL_Driver/Src/stm32h7xx_hal_tim.o
 .text.TIM_OC2_SetConfig
                0x0800e94c      0x114 ./Drivers/STM32H7xx_HAL_Driver/Src/stm32h7xx_hal_tim.o
                0x0800e94c                TIM_OC2_SetConfig
 .text.TIM_OC3_SetConfig
                0x0800ea60      0x110 ./Drivers/STM32H7xx_HAL_Driver/Src/stm32h7xx_hal_tim.o
 .text.TIM_OC4_SetConfig
                0x0800eb70       0xd4 ./Drivers/STM32H7xx_HAL_Driver/Src/stm32h7xx_hal_tim.o
 .text.TIM_OC5_SetConfig
                0x0800ec44       0xc8 ./Drivers/STM32H7xx_HAL_Driver/Src/stm32h7xx_hal_tim.o
 .text.TIM_OC6_SetConfig
                0x0800ed0c       0xcc ./Drivers/STM32H7xx_HAL_Driver/Src/stm32h7xx_hal_tim.o
 .text.TIM_TI1_ConfigInputStage
                0x0800edd8       0x5e ./Drivers/STM32H7xx_HAL_Driver/Src/stm32h7xx_hal_tim.o
 .text.TIM_TI2_ConfigInputStage
                0x0800ee36       0x60 ./Drivers/STM32H7xx_HAL_Driver/Src/stm32h7xx_hal_tim.o
 *fill*         0x0800ee96        0x2 
 .text.TIM_ITRx_SetConfig
                0x0800ee98       0x3c ./Drivers/STM32H7xx_HAL_Driver/Src/stm32h7xx_hal_tim.o
 .text.TIM_ETR_SetConfig
                0x0800eed4       0x40 ./Drivers/STM32H7xx_HAL_Driver/Src/stm32h7xx_hal_tim.o
                0x0800eed4                TIM_ETR_SetConfig
 .text.TIM_CCxChannelCmd
                0x0800ef14       0x4a ./Drivers/STM32H7xx_HAL_Driver/Src/stm32h7xx_hal_tim.o
                0x0800ef14                TIM_CCxChannelCmd
 *fill*         0x0800ef5e        0x2 
 .text.HAL_TIMEx_MasterConfigSynchronization
                0x0800ef60      0x11c ./Drivers/STM32H7xx_HAL_Driver/Src/stm32h7xx_hal_tim_ex.o
                0x0800ef60                HAL_TIMEx_MasterConfigSynchronization
 .text.HAL_TIMEx_ConfigBreakDeadTime
                0x0800f07c      0x118 ./Drivers/STM32H7xx_HAL_Driver/Src/stm32h7xx_hal_tim_ex.o
                0x0800f07c                HAL_TIMEx_ConfigBreakDeadTime
 .text.HAL_TIMEx_CommutCallback
                0x0800f194       0x14 ./Drivers/STM32H7xx_HAL_Driver/Src/stm32h7xx_hal_tim_ex.o
                0x0800f194                HAL_TIMEx_CommutCallback
 .text.HAL_TIMEx_BreakCallback
                0x0800f1a8       0x14 ./Drivers/STM32H7xx_HAL_Driver/Src/stm32h7xx_hal_tim_ex.o
                0x0800f1a8                HAL_TIMEx_BreakCallback
 .text.HAL_TIMEx_Break2Callback
                0x0800f1bc       0x14 ./Drivers/STM32H7xx_HAL_Driver/Src/stm32h7xx_hal_tim_ex.o
                0x0800f1bc                HAL_TIMEx_Break2Callback
 .text.USB_CoreInit
                0x0800f1d0       0xe4 ./Drivers/STM32H7xx_HAL_Driver/Src/stm32h7xx_ll_usb.o
                0x0800f1d0                USB_CoreInit
 .text.USB_SetTurnaroundTime
                0x0800f2b4      0x144 ./Drivers/STM32H7xx_HAL_Driver/Src/stm32h7xx_ll_usb.o
                0x0800f2b4                USB_SetTurnaroundTime
 .text.USB_EnableGlobalInt
                0x0800f3f8       0x22 ./Drivers/STM32H7xx_HAL_Driver/Src/stm32h7xx_ll_usb.o
                0x0800f3f8                USB_EnableGlobalInt
 .text.USB_DisableGlobalInt
                0x0800f41a       0x22 ./Drivers/STM32H7xx_HAL_Driver/Src/stm32h7xx_ll_usb.o
                0x0800f41a                USB_DisableGlobalInt
 .text.USB_SetCurrentMode
                0x0800f43c       0x98 ./Drivers/STM32H7xx_HAL_Driver/Src/stm32h7xx_ll_usb.o
                0x0800f43c                USB_SetCurrentMode
 .text.USB_DevInit
                0x0800f4d4      0x2bc ./Drivers/STM32H7xx_HAL_Driver/Src/stm32h7xx_ll_usb.o
                0x0800f4d4                USB_DevInit
 .text.USB_FlushTxFifo
                0x0800f790       0x64 ./Drivers/STM32H7xx_HAL_Driver/Src/stm32h7xx_ll_usb.o
                0x0800f790                USB_FlushTxFifo
 .text.USB_FlushRxFifo
                0x0800f7f4       0x5c ./Drivers/STM32H7xx_HAL_Driver/Src/stm32h7xx_ll_usb.o
                0x0800f7f4                USB_FlushRxFifo
 .text.USB_SetDevSpeed
                0x0800f850       0x32 ./Drivers/STM32H7xx_HAL_Driver/Src/stm32h7xx_ll_usb.o
                0x0800f850                USB_SetDevSpeed
 .text.USB_GetDevSpeed
                0x0800f882       0x4a ./Drivers/STM32H7xx_HAL_Driver/Src/stm32h7xx_ll_usb.o
                0x0800f882                USB_GetDevSpeed
 .text.USB_ActivateEndpoint
                0x0800f8cc      0x110 ./Drivers/STM32H7xx_HAL_Driver/Src/stm32h7xx_ll_usb.o
                0x0800f8cc                USB_ActivateEndpoint
 .text.USB_DeactivateEndpoint
                0x0800f9dc      0x1b8 ./Drivers/STM32H7xx_HAL_Driver/Src/stm32h7xx_ll_usb.o
                0x0800f9dc                USB_DeactivateEndpoint
 .text.USB_EPStartXfer
                0x0800fb94      0x540 ./Drivers/STM32H7xx_HAL_Driver/Src/stm32h7xx_ll_usb.o
                0x0800fb94                USB_EPStartXfer
 .text.USB_EPStopXfer
                0x080100d4      0x154 ./Drivers/STM32H7xx_HAL_Driver/Src/stm32h7xx_ll_usb.o
                0x080100d4                USB_EPStopXfer
 .text.USB_WritePacket
                0x08010228       0x7c ./Drivers/STM32H7xx_HAL_Driver/Src/stm32h7xx_ll_usb.o
                0x08010228                USB_WritePacket
 .text.USB_ReadPacket
                0x080102a4       0xb0 ./Drivers/STM32H7xx_HAL_Driver/Src/stm32h7xx_ll_usb.o
                0x080102a4                USB_ReadPacket
 .text.USB_EPSetStall
                0x08010354       0xdc ./Drivers/STM32H7xx_HAL_Driver/Src/stm32h7xx_ll_usb.o
                0x08010354                USB_EPSetStall
 .text.USB_EPClearStall
                0x08010430       0xcc ./Drivers/STM32H7xx_HAL_Driver/Src/stm32h7xx_ll_usb.o
                0x08010430                USB_EPClearStall
 .text.USB_SetDevAddress
                0x080104fc       0x4c ./Drivers/STM32H7xx_HAL_Driver/Src/stm32h7xx_ll_usb.o
                0x080104fc                USB_SetDevAddress
 .text.USB_DevConnect
                0x08010548       0x42 ./Drivers/STM32H7xx_HAL_Driver/Src/stm32h7xx_ll_usb.o
                0x08010548                USB_DevConnect
 .text.USB_DevDisconnect
                0x0801058a       0x42 ./Drivers/STM32H7xx_HAL_Driver/Src/stm32h7xx_ll_usb.o
                0x0801058a                USB_DevDisconnect
 .text.USB_ReadInterrupts
                0x080105cc       0x26 ./Drivers/STM32H7xx_HAL_Driver/Src/stm32h7xx_ll_usb.o
                0x080105cc                USB_ReadInterrupts
 .text.USB_ReadDevAllOutEpInterrupt
                0x080105f2       0x34 ./Drivers/STM32H7xx_HAL_Driver/Src/stm32h7xx_ll_usb.o
                0x080105f2                USB_ReadDevAllOutEpInterrupt
 .text.USB_ReadDevAllInEpInterrupt
                0x08010626       0x34 ./Drivers/STM32H7xx_HAL_Driver/Src/stm32h7xx_ll_usb.o
                0x08010626                USB_ReadDevAllInEpInterrupt
 .text.USB_ReadDevOutEPInterrupt
                0x0801065a       0x3c ./Drivers/STM32H7xx_HAL_Driver/Src/stm32h7xx_ll_usb.o
                0x0801065a                USB_ReadDevOutEPInterrupt
 .text.USB_ReadDevInEPInterrupt
                0x08010696       0x5c ./Drivers/STM32H7xx_HAL_Driver/Src/stm32h7xx_ll_usb.o
                0x08010696                USB_ReadDevInEPInterrupt
 .text.USB_GetMode
                0x080106f2       0x1c ./Drivers/STM32H7xx_HAL_Driver/Src/stm32h7xx_ll_usb.o
                0x080106f2                USB_GetMode
 *fill*         0x0801070e        0x2 
 .text.USB_ActivateSetup
                0x08010710       0x48 ./Drivers/STM32H7xx_HAL_Driver/Src/stm32h7xx_ll_usb.o
                0x08010710                USB_ActivateSetup
 .text.USB_EP0_OutStart
                0x08010758       0xbc ./Drivers/STM32H7xx_HAL_Driver/Src/stm32h7xx_ll_usb.o
                0x08010758                USB_EP0_OutStart
 .text.USB_CoreReset
                0x08010814       0x62 ./Drivers/STM32H7xx_HAL_Driver/Src/stm32h7xx_ll_usb.o
 *fill*         0x08010876        0x2 
 .text.USBD_AUDIO_Init
                0x08010878      0x13c ./Middlewares/ST/STM32_USB_Device_Library/Class/AUDIO/Src/usbd_audio.o
 .text.USBD_AUDIO_DeInit
                0x080109b4       0xb4 ./Middlewares/ST/STM32_USB_Device_Library/Class/AUDIO/Src/usbd_audio.o
 .text.USBD_AUDIO_Setup
                0x08010a68      0x1b8 ./Middlewares/ST/STM32_USB_Device_Library/Class/AUDIO/Src/usbd_audio.o
 .text.USBD_AUDIO_GetCfgDesc
                0x08010c20       0x20 ./Middlewares/ST/STM32_USB_Device_Library/Class/AUDIO/Src/usbd_audio.o
 .text.USBD_AUDIO_DataIn
                0x08010c40       0x1a ./Middlewares/ST/STM32_USB_Device_Library/Class/AUDIO/Src/usbd_audio.o
 .text.USBD_AUDIO_EP0_RxReady
                0x08010c5a       0x80 ./Middlewares/ST/STM32_USB_Device_Library/Class/AUDIO/Src/usbd_audio.o
 .text.USBD_AUDIO_EP0_TxReady
                0x08010cda       0x16 ./Middlewares/ST/STM32_USB_Device_Library/Class/AUDIO/Src/usbd_audio.o
 .text.USBD_AUDIO_SOF
                0x08010cf0       0x16 ./Middlewares/ST/STM32_USB_Device_Library/Class/AUDIO/Src/usbd_audio.o
 .text.USBD_AUDIO_IsoINIncomplete
                0x08010d06       0x1a ./Middlewares/ST/STM32_USB_Device_Library/Class/AUDIO/Src/usbd_audio.o
 .text.USBD_AUDIO_IsoOutIncomplete
                0x08010d20       0x58 ./Middlewares/ST/STM32_USB_Device_Library/Class/AUDIO/Src/usbd_audio.o
 .text.USBD_AUDIO_DataOut
                0x08010d78      0x12c ./Middlewares/ST/STM32_USB_Device_Library/Class/AUDIO/Src/usbd_audio.o
 .text.AUDIO_REQ_GetCurrent
                0x08010ea4       0x58 ./Middlewares/ST/STM32_USB_Device_Library/Class/AUDIO/Src/usbd_audio.o
 .text.AUDIO_REQ_SetCurrent
                0x08010efc       0x88 ./Middlewares/ST/STM32_USB_Device_Library/Class/AUDIO/Src/usbd_audio.o
 .text.USBD_AUDIO_GetDeviceQualifierDesc
                0x08010f84       0x20 ./Middlewares/ST/STM32_USB_Device_Library/Class/AUDIO/Src/usbd_audio.o
 .text.USBD_AUDIO_RegisterInterface
                0x08010fa4       0x34 ./Middlewares/ST/STM32_USB_Device_Library/Class/AUDIO/Src/usbd_audio.o
                0x08010fa4                USBD_AUDIO_RegisterInterface
 .text.USBD_AUDIO_GetAudioHeaderDesc
                0x08010fd8       0x64 ./Middlewares/ST/STM32_USB_Device_Library/Class/AUDIO/Src/usbd_audio.o
 .text.USBD_Init
                0x0801103c       0x60 ./Middlewares/ST/STM32_USB_Device_Library/Core/Src/usbd_core.o
                0x0801103c                USBD_Init
 .text.USBD_RegisterClass
                0x0801109c       0x6c ./Middlewares/ST/STM32_USB_Device_Library/Core/Src/usbd_core.o
                0x0801109c                USBD_RegisterClass
 .text.USBD_Start
                0x08011108       0x18 ./Middlewares/ST/STM32_USB_Device_Library/Core/Src/usbd_core.o
                0x08011108                USBD_Start
 .text.USBD_RunTestMode
                0x08011120       0x16 ./Middlewares/ST/STM32_USB_Device_Library/Core/Src/usbd_core.o
                0x08011120                USBD_RunTestMode
 .text.USBD_SetClassConfig
                0x08011136       0x38 ./Middlewares/ST/STM32_USB_Device_Library/Core/Src/usbd_core.o
                0x08011136                USBD_SetClassConfig
 .text.USBD_ClrClassConfig
                0x0801116e       0x34 ./Middlewares/ST/STM32_USB_Device_Library/Core/Src/usbd_core.o
                0x0801116e                USBD_ClrClassConfig
 .text.USBD_LL_SetupStage
                0x080111a2       0xaa ./Middlewares/ST/STM32_USB_Device_Library/Core/Src/usbd_core.o
                0x080111a2                USBD_LL_SetupStage
 .text.USBD_LL_DataOutStage
                0x0801124c      0x166 ./Middlewares/ST/STM32_USB_Device_Library/Core/Src/usbd_core.o
                0x0801124c                USBD_LL_DataOutStage
 .text.USBD_LL_DataInStage
                0x080113b2      0x164 ./Middlewares/ST/STM32_USB_Device_Library/Core/Src/usbd_core.o
                0x080113b2                USBD_LL_DataInStage
 .text.USBD_LL_Reset
                0x08011516       0xa4 ./Middlewares/ST/STM32_USB_Device_Library/Core/Src/usbd_core.o
                0x08011516                USBD_LL_Reset
 .text.USBD_LL_SetSpeed
                0x080115ba       0x20 ./Middlewares/ST/STM32_USB_Device_Library/Core/Src/usbd_core.o
                0x080115ba                USBD_LL_SetSpeed
 .text.USBD_LL_Suspend
                0x080115da       0x38 ./Middlewares/ST/STM32_USB_Device_Library/Core/Src/usbd_core.o
                0x080115da                USBD_LL_Suspend
 .text.USBD_LL_Resume
                0x08011612       0x30 ./Middlewares/ST/STM32_USB_Device_Library/Core/Src/usbd_core.o
                0x08011612                USBD_LL_Resume
 .text.USBD_LL_SOF
                0x08011642       0x40 ./Middlewares/ST/STM32_USB_Device_Library/Core/Src/usbd_core.o
                0x08011642                USBD_LL_SOF
 .text.USBD_LL_IsoINIncomplete
                0x08011682       0x64 ./Middlewares/ST/STM32_USB_Device_Library/Core/Src/usbd_core.o
                0x08011682                USBD_LL_IsoINIncomplete
 .text.USBD_LL_IsoOUTIncomplete
                0x080116e6       0x64 ./Middlewares/ST/STM32_USB_Device_Library/Core/Src/usbd_core.o
                0x080116e6                USBD_LL_IsoOUTIncomplete
 .text.USBD_LL_DevConnected
                0x0801174a       0x16 ./Middlewares/ST/STM32_USB_Device_Library/Core/Src/usbd_core.o
                0x0801174a                USBD_LL_DevConnected
 .text.USBD_LL_DevDisconnected
                0x08011760       0x46 ./Middlewares/ST/STM32_USB_Device_Library/Core/Src/usbd_core.o
                0x08011760                USBD_LL_DevDisconnected
 .text.USBD_CoreFindIF
                0x080117a6       0x1a ./Middlewares/ST/STM32_USB_Device_Library/Core/Src/usbd_core.o
                0x080117a6                USBD_CoreFindIF
 .text.USBD_CoreFindEP
                0x080117c0       0x1a ./Middlewares/ST/STM32_USB_Device_Library/Core/Src/usbd_core.o
                0x080117c0                USBD_CoreFindEP
 .text.USBD_GetNextDesc
                0x080117da       0x38 ./Middlewares/ST/STM32_USB_Device_Library/Core/Src/usbd_core.o
                0x080117da                USBD_GetNextDesc
 .text.SWAPBYTE
                0x08011812       0x3c ./Middlewares/ST/STM32_USB_Device_Library/Core/Src/usbd_ctlreq.o
 *fill*         0x0801184e        0x2 
 .text.USBD_StdDevReq
                0x08011850       0xe4 ./Middlewares/ST/STM32_USB_Device_Library/Core/Src/usbd_ctlreq.o
                0x08011850                USBD_StdDevReq
 .text.USBD_StdItfReq
                0x08011934       0xd8 ./Middlewares/ST/STM32_USB_Device_Library/Core/Src/usbd_ctlreq.o
                0x08011934                USBD_StdItfReq
 .text.USBD_StdEPReq
                0x08011a0c      0x33a ./Middlewares/ST/STM32_USB_Device_Library/Core/Src/usbd_ctlreq.o
                0x08011a0c                USBD_StdEPReq
 *fill*         0x08011d46        0x2 
 .text.USBD_GetDescriptor
                0x08011d48      0x328 ./Middlewares/ST/STM32_USB_Device_Library/Core/Src/usbd_ctlreq.o
 .text.USBD_SetAddress
                0x08012070       0x88 ./Middlewares/ST/STM32_USB_Device_Library/Core/Src/usbd_ctlreq.o
 .text.USBD_SetConfig
                0x080120f8      0x154 ./Middlewares/ST/STM32_USB_Device_Library/Core/Src/usbd_ctlreq.o
 .text.USBD_GetConfig
                0x0801224c       0x6c ./Middlewares/ST/STM32_USB_Device_Library/Core/Src/usbd_ctlreq.o
 .text.USBD_GetStatus
                0x080122b8       0x68 ./Middlewares/ST/STM32_USB_Device_Library/Core/Src/usbd_ctlreq.o
 .text.USBD_SetFeature
                0x08012320       0x52 ./Middlewares/ST/STM32_USB_Device_Library/Core/Src/usbd_ctlreq.o
 .text.USBD_ClrFeature
                0x08012372       0x44 ./Middlewares/ST/STM32_USB_Device_Library/Core/Src/usbd_ctlreq.o
 .text.USBD_ParseSetupRequest
                0x080123b6       0x74 ./Middlewares/ST/STM32_USB_Device_Library/Core/Src/usbd_ctlreq.o
                0x080123b6                USBD_ParseSetupRequest
 .text.USBD_CtlError
                0x0801242a       0x22 ./Middlewares/ST/STM32_USB_Device_Library/Core/Src/usbd_ctlreq.o
                0x0801242a                USBD_CtlError
 .text.USBD_GetString
                0x0801244c       0xa4 ./Middlewares/ST/STM32_USB_Device_Library/Core/Src/usbd_ctlreq.o
                0x0801244c                USBD_GetString
 .text.USBD_GetLen
                0x080124f0       0x34 ./Middlewares/ST/STM32_USB_Device_Library/Core/Src/usbd_ctlreq.o
 .text.USBD_CtlSendData
                0x08012524       0x36 ./Middlewares/ST/STM32_USB_Device_Library/Core/Src/usbd_ioreq.o
                0x08012524                USBD_CtlSendData
 .text.USBD_CtlContinueSendData
                0x0801255a       0x22 ./Middlewares/ST/STM32_USB_Device_Library/Core/Src/usbd_ioreq.o
                0x0801255a                USBD_CtlContinueSendData
 .text.USBD_CtlPrepareRx
                0x0801257c       0x3a ./Middlewares/ST/STM32_USB_Device_Library/Core/Src/usbd_ioreq.o
                0x0801257c                USBD_CtlPrepareRx
 .text.USBD_CtlContinueRx
                0x080125b6       0x22 ./Middlewares/ST/STM32_USB_Device_Library/Core/Src/usbd_ioreq.o
                0x080125b6                USBD_CtlContinueRx
 .text.USBD_CtlSendStatus
                0x080125d8       0x26 ./Middlewares/ST/STM32_USB_Device_Library/Core/Src/usbd_ioreq.o
                0x080125d8                USBD_CtlSendStatus
 .text.USBD_CtlReceiveStatus
                0x080125fe       0x26 ./Middlewares/ST/STM32_USB_Device_Library/Core/Src/usbd_ioreq.o
                0x080125fe                USBD_CtlReceiveStatus
 .text.MX_USB_DEVICE_Init
                0x08012624       0x64 ./USB_DEVICE/App/usb_device.o
                0x08012624                MX_USB_DEVICE_Init
 .text.AUDIO_Init_HS
                0x08012688       0x1a ./USB_DEVICE/App/usbd_audio_if.o
 .text.AUDIO_DeInit_HS
                0x080126a2       0x16 ./USB_DEVICE/App/usbd_audio_if.o
 .text.AUDIO_AudioCmd_HS
                0x080126b8       0x28 ./USB_DEVICE/App/usbd_audio_if.o
 .text.AUDIO_VolumeCtl_HS
                0x080126e0       0x18 ./USB_DEVICE/App/usbd_audio_if.o
 .text.AUDIO_MuteCtl_HS
                0x080126f8       0x18 ./USB_DEVICE/App/usbd_audio_if.o
 .text.AUDIO_PeriodicTC_HS
                0x08012710       0x1c ./USB_DEVICE/App/usbd_audio_if.o
 .text.AUDIO_GetState_HS
                0x0801272c       0x10 ./USB_DEVICE/App/usbd_audio_if.o
 .text.USBD_HS_DeviceDescriptor
                0x0801273c       0x24 ./USB_DEVICE/App/usbd_desc.o
                0x0801273c                USBD_HS_DeviceDescriptor
 .text.USBD_HS_LangIDStrDescriptor
                0x08012760       0x24 ./USB_DEVICE/App/usbd_desc.o
                0x08012760                USBD_HS_LangIDStrDescriptor
 .text.USBD_HS_ProductStrDescriptor
                0x08012784       0x3c ./USB_DEVICE/App/usbd_desc.o
                0x08012784                USBD_HS_ProductStrDescriptor
 .text.USBD_HS_ManufacturerStrDescriptor
                0x080127c0       0x28 ./USB_DEVICE/App/usbd_desc.o
                0x080127c0                USBD_HS_ManufacturerStrDescriptor
 .text.USBD_HS_SerialStrDescriptor
                0x080127e8       0x24 ./USB_DEVICE/App/usbd_desc.o
                0x080127e8                USBD_HS_SerialStrDescriptor
 .text.USBD_HS_ConfigStrDescriptor
                0x0801280c       0x3c ./USB_DEVICE/App/usbd_desc.o
                0x0801280c                USBD_HS_ConfigStrDescriptor
 .text.USBD_HS_InterfaceStrDescriptor
                0x08012848       0x3c ./USB_DEVICE/App/usbd_desc.o
                0x08012848                USBD_HS_InterfaceStrDescriptor
 .text.Get_SerialNum
                0x08012884       0x58 ./USB_DEVICE/App/usbd_desc.o
 .text.IntToUnicode
                0x080128dc       0x7e ./USB_DEVICE/App/usbd_desc.o
 *fill*         0x0801295a        0x2 
 .text.HAL_PCD_MspInit
                0x0801295c       0xc4 ./USB_DEVICE/Target/usbd_conf.o
                0x0801295c                HAL_PCD_MspInit
 .text.HAL_PCD_SetupStageCallback
                0x08012a20       0x24 ./USB_DEVICE/Target/usbd_conf.o
                0x08012a20                HAL_PCD_SetupStageCallback
 .text.HAL_PCD_DataOutStageCallback
                0x08012a44       0x36 ./USB_DEVICE/Target/usbd_conf.o
                0x08012a44                HAL_PCD_DataOutStageCallback
 .text.HAL_PCD_DataInStageCallback
                0x08012a7a       0x34 ./USB_DEVICE/Target/usbd_conf.o
                0x08012a7a                HAL_PCD_DataInStageCallback
 .text.HAL_PCD_SOFCallback
                0x08012aae       0x1c ./USB_DEVICE/Target/usbd_conf.o
                0x08012aae                HAL_PCD_SOFCallback
 .text.HAL_PCD_ResetCallback
                0x08012aca       0x50 ./USB_DEVICE/Target/usbd_conf.o
                0x08012aca                HAL_PCD_ResetCallback
 *fill*         0x08012b1a        0x2 
 .text.HAL_PCD_SuspendCallback
                0x08012b1c       0x4c ./USB_DEVICE/Target/usbd_conf.o
                0x08012b1c                HAL_PCD_SuspendCallback
 .text.HAL_PCD_ResumeCallback
                0x08012b68       0x1c ./USB_DEVICE/Target/usbd_conf.o
                0x08012b68                HAL_PCD_ResumeCallback
 .text.HAL_PCD_ISOOUTIncompleteCallback
                0x08012b84       0x24 ./USB_DEVICE/Target/usbd_conf.o
                0x08012b84                HAL_PCD_ISOOUTIncompleteCallback
 .text.HAL_PCD_ISOINIncompleteCallback
                0x08012ba8       0x24 ./USB_DEVICE/Target/usbd_conf.o
                0x08012ba8                HAL_PCD_ISOINIncompleteCallback
 .text.HAL_PCD_ConnectCallback
                0x08012bcc       0x1c ./USB_DEVICE/Target/usbd_conf.o
                0x08012bcc                HAL_PCD_ConnectCallback
 .text.HAL_PCD_DisconnectCallback
                0x08012be8       0x1c ./USB_DEVICE/Target/usbd_conf.o
                0x08012be8                HAL_PCD_DisconnectCallback
 .text.USBD_LL_Init
                0x08012c04       0xa4 ./USB_DEVICE/Target/usbd_conf.o
                0x08012c04                USBD_LL_Init
 .text.USBD_LL_Start
                0x08012ca8       0x36 ./USB_DEVICE/Target/usbd_conf.o
                0x08012ca8                USBD_LL_Start
 .text.USBD_LL_OpenEP
                0x08012cde       0x4c ./USB_DEVICE/Target/usbd_conf.o
                0x08012cde                USBD_LL_OpenEP
 .text.USBD_LL_CloseEP
                0x08012d2a       0x3e ./USB_DEVICE/Target/usbd_conf.o
                0x08012d2a                USBD_LL_CloseEP
 .text.USBD_LL_StallEP
                0x08012d68       0x3e ./USB_DEVICE/Target/usbd_conf.o
                0x08012d68                USBD_LL_StallEP
 .text.USBD_LL_ClearStallEP
                0x08012da6       0x3e ./USB_DEVICE/Target/usbd_conf.o
                0x08012da6                USBD_LL_ClearStallEP
 .text.USBD_LL_IsStallEP
                0x08012de4       0x58 ./USB_DEVICE/Target/usbd_conf.o
                0x08012de4                USBD_LL_IsStallEP
 .text.USBD_LL_SetUSBAddress
                0x08012e3c       0x3e ./USB_DEVICE/Target/usbd_conf.o
                0x08012e3c                USBD_LL_SetUSBAddress
 .text.USBD_LL_Transmit
                0x08012e7a       0x42 ./USB_DEVICE/Target/usbd_conf.o
                0x08012e7a                USBD_LL_Transmit
 .text.USBD_LL_PrepareReceive
                0x08012ebc       0x42 ./USB_DEVICE/Target/usbd_conf.o
                0x08012ebc                USBD_LL_PrepareReceive
 .text.USBD_LL_GetRxDataSize
                0x08012efe       0x26 ./USB_DEVICE/Target/usbd_conf.o
                0x08012efe                USBD_LL_GetRxDataSize
 .text.USBD_static_malloc
                0x08012f24       0x1c ./USB_DEVICE/Target/usbd_conf.o
                0x08012f24                USBD_static_malloc
 .text.USBD_static_free
                0x08012f40       0x14 ./USB_DEVICE/Target/usbd_conf.o
                0x08012f40                USBD_static_free
 .text.USBD_Get_USB_Status
                0x08012f54       0x58 ./USB_DEVICE/Target/usbd_conf.o
                0x08012f54                USBD_Get_USB_Status
 .text.memset   0x08012fac       0x10 C:/ST/STM32CubeIDE_1.9.0/STM32CubeIDE/plugins/com.st.stm32cube.ide.mcu.externaltools.gnu-tools-for-stm32.12.3.rel1.win32_1.1.0.202410251130/tools/bin/../lib/gcc/arm-none-eabi/12.3.1/../../../../arm-none-eabi/lib/thumb/v7e-m+dp/hard\libc_nano.a(libc_a-memset.o)
                0x08012fac                memset
 .text.__errno  0x08012fbc        0xc C:/ST/STM32CubeIDE_1.9.0/STM32CubeIDE/plugins/com.st.stm32cube.ide.mcu.externaltools.gnu-tools-for-stm32.12.3.rel1.win32_1.1.0.202410251130/tools/bin/../lib/gcc/arm-none-eabi/12.3.1/../../../../arm-none-eabi/lib/thumb/v7e-m+dp/hard\libc_nano.a(libc_a-errno.o)
                0x08012fbc                __errno
 .text.__libc_init_array
                0x08012fc8       0x48 C:/ST/STM32CubeIDE_1.9.0/STM32CubeIDE/plugins/com.st.stm32cube.ide.mcu.externaltools.gnu-tools-for-stm32.12.3.rel1.win32_1.1.0.202410251130/tools/bin/../lib/gcc/arm-none-eabi/12.3.1/../../../../arm-none-eabi/lib/thumb/v7e-m+dp/hard\libc_nano.a(libc_a-init.o)
                0x08012fc8                __libc_init_array
 .text.expf     0x08013010       0xe8 C:/ST/STM32CubeIDE_1.9.0/STM32CubeIDE/plugins/com.st.stm32cube.ide.mcu.externaltools.gnu-tools-for-stm32.12.3.rel1.win32_1.1.0.202410251130/tools/bin/../lib/gcc/arm-none-eabi/12.3.1/../../../../arm-none-eabi/lib/thumb/v7e-m+dp/hard\libm.a(libm_a-sf_exp.o)
                0x08013010                expf
 .text.with_errnof
                0x080130f8       0x1c C:/ST/STM32CubeIDE_1.9.0/STM32CubeIDE/plugins/com.st.stm32cube.ide.mcu.externaltools.gnu-tools-for-stm32.12.3.rel1.win32_1.1.0.202410251130/tools/bin/../lib/gcc/arm-none-eabi/12.3.1/../../../../arm-none-eabi/lib/thumb/v7e-m+dp/hard\libm.a(libm_a-math_errf.o)
 .text.xflowf   0x08013114       0x16 C:/ST/STM32CubeIDE_1.9.0/STM32CubeIDE/plugins/com.st.stm32cube.ide.mcu.externaltools.gnu-tools-for-stm32.12.3.rel1.win32_1.1.0.202410251130/tools/bin/../lib/gcc/arm-none-eabi/12.3.1/../../../../arm-none-eabi/lib/thumb/v7e-m+dp/hard\libm.a(libm_a-math_errf.o)
 *fill*         0x0801312a        0x2 
 .text.__math_uflowf
                0x0801312c        0xc C:/ST/STM32CubeIDE_1.9.0/STM32CubeIDE/plugins/com.st.stm32cube.ide.mcu.externaltools.gnu-tools-for-stm32.12.3.rel1.win32_1.1.0.202410251130/tools/bin/../lib/gcc/arm-none-eabi/12.3.1/../../../../arm-none-eabi/lib/thumb/v7e-m+dp/hard\libm.a(libm_a-math_errf.o)
                0x0801312c                __math_uflowf
 .text.__math_may_uflowf
                0x08013138        0xc C:/ST/STM32CubeIDE_1.9.0/STM32CubeIDE/plugins/com.st.stm32cube.ide.mcu.externaltools.gnu-tools-for-stm32.12.3.rel1.win32_1.1.0.202410251130/tools/bin/../lib/gcc/arm-none-eabi/12.3.1/../../../../arm-none-eabi/lib/thumb/v7e-m+dp/hard\libm.a(libm_a-math_errf.o)
                0x08013138                __math_may_uflowf
 .text.__math_oflowf
                0x08013144        0xc C:/ST/STM32CubeIDE_1.9.0/STM32CubeIDE/plugins/com.st.stm32cube.ide.mcu.externaltools.gnu-tools-for-stm32.12.3.rel1.win32_1.1.0.202410251130/tools/bin/../lib/gcc/arm-none-eabi/12.3.1/../../../../arm-none-eabi/lib/thumb/v7e-m+dp/hard\libm.a(libm_a-math_errf.o)
                0x08013144                __math_oflowf
 *(.glue_7)
 .glue_7        0x08013150        0x0 linker stubs
 *(.glue_7t)
 .glue_7t       0x08013150        0x0 linker stubs
 *(.eh_frame)
 .eh_frame      0x08013150        0x0 C:/ST/STM32CubeIDE_1.9.0/STM32CubeIDE/plugins/com.st.stm32cube.ide.mcu.externaltools.gnu-tools-for-stm32.12.3.rel1.win32_1.1.0.202410251130/tools/bin/../lib/gcc/arm-none-eabi/12.3.1/thumb/v7e-m+dp/hard/crtbegin.o
 *(.init)
 .init          0x08013150        0x4 C:/ST/STM32CubeIDE_1.9.0/STM32CubeIDE/plugins/com.st.stm32cube.ide.mcu.externaltools.gnu-tools-for-stm32.12.3.rel1.win32_1.1.0.202410251130/tools/bin/../lib/gcc/arm-none-eabi/12.3.1/thumb/v7e-m+dp/hard/crti.o
                0x08013150                _init
 .init          0x08013154        0x8 C:/ST/STM32CubeIDE_1.9.0/STM32CubeIDE/plugins/com.st.stm32cube.ide.mcu.externaltools.gnu-tools-for-stm32.12.3.rel1.win32_1.1.0.202410251130/tools/bin/../lib/gcc/arm-none-eabi/12.3.1/thumb/v7e-m+dp/hard/crtn.o
 *(.fini)
 .fini          0x0801315c        0x4 C:/ST/STM32CubeIDE_1.9.0/STM32CubeIDE/plugins/com.st.stm32cube.ide.mcu.externaltools.gnu-tools-for-stm32.12.3.rel1.win32_1.1.0.202410251130/tools/bin/../lib/gcc/arm-none-eabi/12.3.1/thumb/v7e-m+dp/hard/crti.o
                0x0801315c                _fini
 .fini          0x08013160        0x8 C:/ST/STM32CubeIDE_1.9.0/STM32CubeIDE/plugins/com.st.stm32cube.ide.mcu.externaltools.gnu-tools-for-stm32.12.3.rel1.win32_1.1.0.202410251130/tools/bin/../lib/gcc/arm-none-eabi/12.3.1/thumb/v7e-m+dp/hard/crtn.o
                0x08013168                        . = ALIGN (0x4)
                0x08013168                        _etext = .

.vfp11_veneer   0x08013168        0x0
 .vfp11_veneer  0x08013168        0x0 linker stubs

.v4_bx          0x08013168        0x0
 .v4_bx         0x08013168        0x0 linker stubs

.iplt           0x08013168        0x0
 .iplt          0x08013168        0x0 C:/ST/STM32CubeIDE_1.9.0/STM32CubeIDE/plugins/com.st.stm32cube.ide.mcu.externaltools.gnu-tools-for-stm32.12.3.rel1.win32_1.1.0.202410251130/tools/bin/../lib/gcc/arm-none-eabi/12.3.1/thumb/v7e-m+dp/hard/crtbegin.o

.rodata         0x08013168      0x1a0
                0x08013168                        . = ALIGN (0x4)
 *(.rodata)
 .rodata        0x08013168       0x38 ./USB_DEVICE/App/usbd_desc.o
 *(.rodata*)
 .rodata.d.0    0x080131a0        0x4 ./Core/Src/IFX_Overdrive.o
 .rodata.D1CorePrescTable
                0x080131a4       0x10 ./Core/Src/system_stm32h7xx.o
                0x080131a4                D1CorePrescTable
 .rodata.flagBitshiftOffset.0
                0x080131b4        0x8 ./Drivers/STM32H7xx_HAL_Driver/Src/stm32h7xx_hal_dma.o
 *fill*         0x080131bc        0x4 
 .rodata.__exp2f_data
                0x080131c0      0x148 C:/ST/STM32CubeIDE_1.9.0/STM32CubeIDE/plugins/com.st.stm32cube.ide.mcu.externaltools.gnu-tools-for-stm32.12.3.rel1.win32_1.1.0.202410251130/tools/bin/../lib/gcc/arm-none-eabi/12.3.1/../../../../arm-none-eabi/lib/thumb/v7e-m+dp/hard\libm.a(libm_a-sf_exp2_data.o)
                0x080131c0                __exp2f_data
                0x08013308                        . = ALIGN (0x4)

.rel.dyn        0x08013308        0x0
 .rel.iplt      0x08013308        0x0 C:/ST/STM32CubeIDE_1.9.0/STM32CubeIDE/plugins/com.st.stm32cube.ide.mcu.externaltools.gnu-tools-for-stm32.12.3.rel1.win32_1.1.0.202410251130/tools/bin/../lib/gcc/arm-none-eabi/12.3.1/thumb/v7e-m+dp/hard/crtbegin.o

.ARM.extab
 *(.ARM.extab* .gnu.linkonce.armextab.*)

.ARM            0x08013308        0x0
                0x08013308                        __exidx_start = .
 *(.ARM.exidx*)
                0x08013308                        __exidx_end = .

.preinit_array  0x08013308        0x0
                0x08013308                        PROVIDE (__preinit_array_start = .)
 *(.preinit_array*)
                0x08013308                        PROVIDE (__preinit_array_end = .)

.init_array     0x08013308        0x4
                0x08013308                        PROVIDE (__init_array_start = .)
 *(SORT_BY_NAME(.init_array.*))
 *(.init_array*)
 .init_array    0x08013308        0x4 C:/ST/STM32CubeIDE_1.9.0/STM32CubeIDE/plugins/com.st.stm32cube.ide.mcu.externaltools.gnu-tools-for-stm32.12.3.rel1.win32_1.1.0.202410251130/tools/bin/../lib/gcc/arm-none-eabi/12.3.1/thumb/v7e-m+dp/hard/crtbegin.o
                0x0801330c                        PROVIDE (__init_array_end = .)

.fini_array     0x0801330c        0x4
                [!provide]                        PROVIDE (__fini_array_start = .)
 *(SORT_BY_NAME(.fini_array.*))
 *(.fini_array*)
 .fini_array    0x0801330c        0x4 C:/ST/STM32CubeIDE_1.9.0/STM32CubeIDE/plugins/com.st.stm32cube.ide.mcu.externaltools.gnu-tools-for-stm32.12.3.rel1.win32_1.1.0.202410251130/tools/bin/../lib/gcc/arm-none-eabi/12.3.1/thumb/v7e-m+dp/hard/crtbegin.o
                [!provide]                        PROVIDE (__fini_array_end = .)
                0x08013310                        _sidata = LOADADDR (.data)

.data           0x24000000      0x2a0 load address 0x08013310
                0x24000000                        . = ALIGN (0x4)
                0x24000000                        _sdata = .
 *(.data)
 *(.data*)
 .data.CS4270_REG_CONFIG_SETTINGS
                0x24000000        0x8 ./Core/Src/CS4270-Codec.o
                0x24000000                CS4270_REG_CONFIG_SETTINGS
 .data.IFX_OD_LPF_INP_COEF
                0x24000008      0x114 ./Core/Src/IFX_Overdrive.o
                0x24000008                IFX_OD_LPF_INP_COEF
 .data.SystemCoreClock
                0x2400011c        0x4 ./Core/Src/system_stm32h7xx.o
                0x2400011c                SystemCoreClock
 .data.SystemD2Clock
                0x24000120        0x4 ./Core/Src/system_stm32h7xx.o
                0x24000120                SystemD2Clock
 .data.uwTickPrio
                0x24000124        0x4 ./Drivers/STM32H7xx_HAL_Driver/Src/stm32h7xx_hal.o
                0x24000124                uwTickPrio
 .data.uwTickFreq
                0x24000128        0x1 ./Drivers/STM32H7xx_HAL_Driver/Src/stm32h7xx_hal.o
                0x24000128                uwTickFreq
 *fill*         0x24000129        0x3 
 .data.USBD_AUDIO
                0x2400012c       0x38 ./Middlewares/ST/STM32_USB_Device_Library/Class/AUDIO/Src/usbd_audio.o
                0x2400012c                USBD_AUDIO
 .data.USBD_AUDIO_CfgDesc
                0x24000164       0x6d ./Middlewares/ST/STM32_USB_Device_Library/Class/AUDIO/Src/usbd_audio.o
 *fill*         0x240001d1        0x3 
 .data.USBD_AUDIO_DeviceQualifierDesc
                0x240001d4        0xa ./Middlewares/ST/STM32_USB_Device_Library/Class/AUDIO/Src/usbd_audio.o
 .data.AUDIOOutEpAdd
                0x240001de        0x1 ./Middlewares/ST/STM32_USB_Device_Library/Class/AUDIO/Src/usbd_audio.o
 *fill*         0x240001df        0x1 
 .data.USBD_AUDIO_fops_HS
                0x240001e0       0x1c ./USB_DEVICE/App/usbd_audio_if.o
                0x240001e0                USBD_AUDIO_fops_HS
 .data.HS_Desc  0x240001fc       0x20 ./USB_DEVICE/App/usbd_desc.o
                0x240001fc                HS_Desc
 .data.USBD_HS_DeviceDesc
                0x2400021c       0x12 ./USB_DEVICE/App/usbd_desc.o
                0x2400021c                USBD_HS_DeviceDesc
 *fill*         0x2400022e        0x2 
 .data.USBD_LangIDDesc
                0x24000230        0x4 ./USB_DEVICE/App/usbd_desc.o
                0x24000230                USBD_LangIDDesc
 .data.USBD_StringSerial
                0x24000234       0x1a ./USB_DEVICE/App/usbd_desc.o
                0x24000234                USBD_StringSerial
 *fill*         0x2400024e        0x2 
 .data._impure_ptr
                0x24000250        0x4 C:/ST/STM32CubeIDE_1.9.0/STM32CubeIDE/plugins/com.st.stm32cube.ide.mcu.externaltools.gnu-tools-for-stm32.12.3.rel1.win32_1.1.0.202410251130/tools/bin/../lib/gcc/arm-none-eabi/12.3.1/../../../../arm-none-eabi/lib/thumb/v7e-m+dp/hard\libc_nano.a(libc_a-impure.o)
                0x24000250                _impure_ptr
 .data._impure_data
                0x24000254       0x4c C:/ST/STM32CubeIDE_1.9.0/STM32CubeIDE/plugins/com.st.stm32cube.ide.mcu.externaltools.gnu-tools-for-stm32.12.3.rel1.win32_1.1.0.202410251130/tools/bin/../lib/gcc/arm-none-eabi/12.3.1/../../../../arm-none-eabi/lib/thumb/v7e-m+dp/hard\libc_nano.a(libc_a-impure.o)
                0x24000254                _impure_data
 *(.RamFunc)
 *(.RamFunc*)
                0x240002a0                        . = ALIGN (0x4)
                0x240002a0                        _edata = .

.igot.plt       0x240002a0        0x0 load address 0x080135b0
 .igot.plt      0x240002a0        0x0 C:/ST/STM32CubeIDE_1.9.0/STM32CubeIDE/plugins/com.st.stm32cube.ide.mcu.externaltools.gnu-tools-for-stm32.12.3.rel1.win32_1.1.0.202410251130/tools/bin/../lib/gcc/arm-none-eabi/12.3.1/thumb/v7e-m+dp/hard/crtbegin.o
                0x240002a0                        . = ALIGN (0x4)

.bss            0x240002a0     0x477c load address 0x080135b0
                0x240002a0                        _sbss = .
                0x240002a0                        __bss_start__ = _sbss
 *(.bss)
 .bss           0x240002a0       0x1c C:/ST/STM32CubeIDE_1.9.0/STM32CubeIDE/plugins/com.st.stm32cube.ide.mcu.externaltools.gnu-tools-for-stm32.12.3.rel1.win32_1.1.0.202410251130/tools/bin/../lib/gcc/arm-none-eabi/12.3.1/thumb/v7e-m+dp/hard/crtbegin.o
 *(.bss*)
 .bss.hadc1     0x240002bc       0x64 ./Core/Src/main.o
                0x240002bc                hadc1
 .bss.hadc2     0x24000320       0x64 ./Core/Src/main.o
                0x24000320                hadc2
 .bss.hdma_adc1
                0x24000384       0x78 ./Core/Src/main.o
                0x24000384                hdma_adc1
 .bss.hi2c1     0x240003fc       0x54 ./Core/Src/main.o
                0x240003fc                hi2c1
 .bss.hospi2    0x24000450       0x5c ./Core/Src/main.o
                0x24000450                hospi2
 .bss.hsai_BlockA1
                0x240004ac       0x98 ./Core/Src/main.o
                0x240004ac                hsai_BlockA1
 .bss.hsai_BlockB1
                0x24000544       0x98 ./Core/Src/main.o
                0x24000544                hsai_BlockB1
 .bss.hdma_sai1_a
                0x240005dc       0x78 ./Core/Src/main.o
                0x240005dc                hdma_sai1_a
 .bss.hdma_sai1_b
                0x24000654       0x78 ./Core/Src/main.o
                0x24000654                hdma_sai1_b
 .bss.htim1     0x240006cc       0x4c ./Core/Src/main.o
                0x240006cc                htim1
 .bss.htim3     0x24000718       0x4c ./Core/Src/main.o
                0x24000718                htim3
 .bss.htim15    0x24000764       0x4c ./Core/Src/main.o
                0x24000764                htim15
 .bss.leftIn.3  0x240007b0        0x4 ./Core/Src/main.o
 .bss.rightIn.2
                0x240007b4        0x4 ./Core/Src/main.o
 .bss.leftOut.1
                0x240007b8        0x4 ./Core/Src/main.o
 .bss.rightOut.0
                0x240007bc        0x4 ./Core/Src/main.o
 .bss.HAL_RCC_ADC12_CLK_ENABLED
                0x240007c0        0x4 ./Core/Src/stm32h7xx_hal_msp.o
 .bss.SAI1_client
                0x240007c4        0x4 ./Core/Src/stm32h7xx_hal_msp.o
 .bss.uwTick    0x240007c8        0x4 ./Drivers/STM32H7xx_HAL_Driver/Src/stm32h7xx_hal.o
                0x240007c8                uwTick
 .bss.cfgidx.0  0x240007cc        0x1 ./Middlewares/ST/STM32_USB_Device_Library/Core/Src/usbd_ctlreq.o
 *fill*         0x240007cd        0x3 
 .bss.hUsbDeviceHS
                0x240007d0      0x2dc ./USB_DEVICE/App/usb_device.o
                0x240007d0                hUsbDeviceHS
 .bss.USBD_StrDesc
                0x24000aac      0x200 ./USB_DEVICE/App/usbd_desc.o
                0x24000aac                USBD_StrDesc
 .bss.hpcd_USB_OTG_HS
                0x24000cac      0x4e4 ./USB_DEVICE/Target/usbd_conf.o
                0x24000cac                hpcd_USB_OTG_HS
 .bss.mem.0     0x24001190     0x3754 ./USB_DEVICE/Target/usbd_conf.o
 .bss.__sf      0x240048e4      0x138 C:/ST/STM32CubeIDE_1.9.0/STM32CubeIDE/plugins/com.st.stm32cube.ide.mcu.externaltools.gnu-tools-for-stm32.12.3.rel1.win32_1.1.0.202410251130/tools/bin/../lib/gcc/arm-none-eabi/12.3.1/../../../../arm-none-eabi/lib/thumb/v7e-m+dp/hard\libc_nano.a(libc_a-findfp.o)
                0x240048e4                __sf
 *(COMMON)
                0x24004a1c                        . = ALIGN (0x4)
                0x24004a1c                        _ebss = .
                0x24004a1c                        __bss_end__ = _ebss

._user_heap_stack
                0x24004a1c      0x604 load address 0x080135b0
                0x24004a20                        . = ALIGN (0x8)
 *fill*         0x24004a1c        0x4 
                [!provide]                        PROVIDE (end = .)
                0x24004a20                        PROVIDE (_end = .)
                0x24004c20                        . = (. + _Min_Heap_Size)
 *fill*         0x24004a20      0x200 
                0x24005020                        . = (. + _Min_Stack_Size)
 *fill*         0x24004c20      0x400 
                0x24005020                        . = ALIGN (0x8)

/DISCARD/
 libc.a(*)
 libm.a(*)
 libgcc.a(*)

.audiobuffer    0x30000000      0x9a8
                0x30000000                        . = ALIGN (0x20)
 *(.audiobuffer)
 .audiobuffer   0x30000000      0x9a8 ./Core/Src/main.o
                0x30000000                od
                0x30000170                fxEnabled1
                0x30000171                fxEnabled2
                0x30000174                adcBuf
                0x30000574                dacBuf
                0x3000097c                processHalfFlag
                0x30000980                controlSettingBuf
                0x3000098c                controlSetting
                0x300009a0                controlSettingsLocked
                0x300009a1                controlSettingsFlag
                0x300009a4                outputVolume

.ARM.attributes
                0x00000000       0x2e
 *(.ARM.attributes)
 .ARM.attributes
                0x00000000       0x20 C:/ST/STM32CubeIDE_1.9.0/STM32CubeIDE/plugins/com.st.stm32cube.ide.mcu.externaltools.gnu-tools-for-stm32.12.3.rel1.win32_1.1.0.202410251130/tools/bin/../lib/gcc/arm-none-eabi/12.3.1/thumb/v7e-m+dp/hard/crti.o
 .ARM.attributes
                0x00000020       0x32 C:/ST/STM32CubeIDE_1.9.0/STM32CubeIDE/plugins/com.st.stm32cube.ide.mcu.externaltools.gnu-tools-for-stm32.12.3.rel1.win32_1.1.0.202410251130/tools/bin/../lib/gcc/arm-none-eabi/12.3.1/thumb/v7e-m+dp/hard/crtbegin.o
 .ARM.attributes
                0x00000052       0x32 ./Core/Src/CS4270-Codec.o
 .ARM.attributes
                0x00000084       0x32 ./Core/Src/IFX_Overdrive.o
 .ARM.attributes
                0x000000b6       0x32 ./Core/Src/main.o
 .ARM.attributes
                0x000000e8       0x32 ./Core/Src/stm32h7xx_hal_msp.o
 .ARM.attributes
                0x0000011a       0x32 ./Core/Src/stm32h7xx_it.o
 .ARM.attributes
                0x0000014c       0x32 ./Core/Src/system_stm32h7xx.o
 .ARM.attributes
                0x0000017e       0x21 ./Core/Startup/startup_stm32h7b0vbtx.o
 .ARM.attributes
                0x0000019f       0x32 ./Drivers/STM32H7xx_HAL_Driver/Src/stm32h7xx_hal.o
 .ARM.attributes
                0x000001d1       0x32 ./Drivers/STM32H7xx_HAL_Driver/Src/stm32h7xx_hal_adc.o
 .ARM.attributes
                0x00000203       0x32 ./Drivers/STM32H7xx_HAL_Driver/Src/stm32h7xx_hal_adc_ex.o
 .ARM.attributes
                0x00000235       0x32 ./Drivers/STM32H7xx_HAL_Driver/Src/stm32h7xx_hal_cortex.o
 .ARM.attributes
                0x00000267       0x32 ./Drivers/STM32H7xx_HAL_Driver/Src/stm32h7xx_hal_dma.o
 .ARM.attributes
                0x00000299       0x32 ./Drivers/STM32H7xx_HAL_Driver/Src/stm32h7xx_hal_gpio.o
 .ARM.attributes
                0x000002cb       0x32 ./Drivers/STM32H7xx_HAL_Driver/Src/stm32h7xx_hal_i2c.o
 .ARM.attributes
                0x000002fd       0x32 ./Drivers/STM32H7xx_HAL_Driver/Src/stm32h7xx_hal_i2c_ex.o
 .ARM.attributes
                0x0000032f       0x32 ./Drivers/STM32H7xx_HAL_Driver/Src/stm32h7xx_hal_ospi.o
 .ARM.attributes
                0x00000361       0x32 ./Drivers/STM32H7xx_HAL_Driver/Src/stm32h7xx_hal_pcd.o
 .ARM.attributes
                0x00000393       0x32 ./Drivers/STM32H7xx_HAL_Driver/Src/stm32h7xx_hal_pcd_ex.o
 .ARM.attributes
                0x000003c5       0x32 ./Drivers/STM32H7xx_HAL_Driver/Src/stm32h7xx_hal_pwr_ex.o
 .ARM.attributes
                0x000003f7       0x32 ./Drivers/STM32H7xx_HAL_Driver/Src/stm32h7xx_hal_rcc.o
 .ARM.attributes
                0x00000429       0x32 ./Drivers/STM32H7xx_HAL_Driver/Src/stm32h7xx_hal_rcc_ex.o
 .ARM.attributes
                0x0000045b       0x32 ./Drivers/STM32H7xx_HAL_Driver/Src/stm32h7xx_hal_sai.o
 .ARM.attributes
                0x0000048d       0x32 ./Drivers/STM32H7xx_HAL_Driver/Src/stm32h7xx_hal_tim.o
 .ARM.attributes
                0x000004bf       0x32 ./Drivers/STM32H7xx_HAL_Driver/Src/stm32h7xx_hal_tim_ex.o
 .ARM.attributes
                0x000004f1       0x32 ./Drivers/STM32H7xx_HAL_Driver/Src/stm32h7xx_ll_usb.o
 .ARM.attributes
                0x00000523       0x32 ./Middlewares/ST/STM32_USB_Device_Library/Class/AUDIO/Src/usbd_audio.o
 .ARM.attributes
                0x00000555       0x32 ./Middlewares/ST/STM32_USB_Device_Library/Core/Src/usbd_core.o
 .ARM.attributes
                0x00000587       0x32 ./Middlewares/ST/STM32_USB_Device_Library/Core/Src/usbd_ctlreq.o
 .ARM.attributes
                0x000005b9       0x32 ./Middlewares/ST/STM32_USB_Device_Library/Core/Src/usbd_ioreq.o
 .ARM.attributes
                0x000005eb       0x32 ./USB_DEVICE/App/usb_device.o
 .ARM.attributes
                0x0000061d       0x32 ./USB_DEVICE/App/usbd_audio_if.o
 .ARM.attributes
                0x0000064f       0x32 ./USB_DEVICE/App/usbd_desc.o
 .ARM.attributes
                0x00000681       0x32 ./USB_DEVICE/Target/usbd_conf.o
 .ARM.attributes
                0x000006b3       0x32 C:/ST/STM32CubeIDE_1.9.0/STM32CubeIDE/plugins/com.st.stm32cube.ide.mcu.externaltools.gnu-tools-for-stm32.12.3.rel1.win32_1.1.0.202410251130/tools/bin/../lib/gcc/arm-none-eabi/12.3.1/../../../../arm-none-eabi/lib/thumb/v7e-m+dp/hard\libc_nano.a(libc_a-findfp.o)
 .ARM.attributes
                0x000006e5       0x32 C:/ST/STM32CubeIDE_1.9.0/STM32CubeIDE/plugins/com.st.stm32cube.ide.mcu.externaltools.gnu-tools-for-stm32.12.3.rel1.win32_1.1.0.202410251130/tools/bin/../lib/gcc/arm-none-eabi/12.3.1/../../../../arm-none-eabi/lib/thumb/v7e-m+dp/hard\libc_nano.a(libc_a-memset.o)
 .ARM.attributes
                0x00000717       0x32 C:/ST/STM32CubeIDE_1.9.0/STM32CubeIDE/plugins/com.st.stm32cube.ide.mcu.externaltools.gnu-tools-for-stm32.12.3.rel1.win32_1.1.0.202410251130/tools/bin/../lib/gcc/arm-none-eabi/12.3.1/../../../../arm-none-eabi/lib/thumb/v7e-m+dp/hard\libc_nano.a(libc_a-impure.o)
 .ARM.attributes